<?xml version="1.0" encoding="ISO-8859-1" ?>
<link_info>
   <banner>TI ARM Linker PC v20.2.5.LTS</banner>
   <copyright>Copyright (c) 1996-2018 Texas Instruments Incorporated</copyright>
   <link_time>0x625d98c6</link_time>
   <link_errors>0x0</link_errors>
   <output_file>lab-2.out</output_file>
   <entry_point>
      <name>_c_int00_noargs</name>
      <address>0x3aa1</address>
   </entry_point>
   <input_file_list>
      <input_file id="fl-2">
         <path>.\</path>
         <kind>object</kind>
         <file>lab-2.obj</file>
         <name>lab-2.obj</name>
      </input_file>
      <input_file id="fl-3">
         <path>.\src\</path>
         <kind>object</kind>
         <file>engr2350_msp432.obj</file>
         <name>engr2350_msp432.obj</name>
      </input_file>
      <input_file id="fl-4">
         <path>.\src\</path>
         <kind>object</kind>
         <file>startup_msp432p401r_ccs.obj</file>
         <name>startup_msp432p401r_ccs.obj</name>
      </input_file>
      <input_file id="fl-5">
         <path>.\src\</path>
         <kind>object</kind>
         <file>system_msp432p401r.obj</file>
         <name>system_msp432p401r.obj</name>
      </input_file>
      <input_file id="fl-f">
         <kind>object</kind>
         <file>&lt;internal&gt;</file>
         <name>&lt;internal&gt;</name>
      </input_file>
      <input_file id="fl-10">
         <path>C:\ti\simplelink_msp432p4_sdk_3_40_01_02\source\ti\devices\msp432p4xx\driverlib\ccs\</path>
         <kind>archive</kind>
         <file>msp432p4xx_driverlib.lib</file>
         <name>gpio.o</name>
      </input_file>
      <input_file id="fl-11">
         <path>C:\ti\simplelink_msp432p4_sdk_3_40_01_02\source\ti\devices\msp432p4xx\driverlib\ccs\</path>
         <kind>archive</kind>
         <file>msp432p4xx_driverlib.lib</file>
         <name>interrupt.o</name>
      </input_file>
      <input_file id="fl-12">
         <path>C:\ti\simplelink_msp432p4_sdk_3_40_01_02\source\ti\devices\msp432p4xx\driverlib\ccs\</path>
         <kind>archive</kind>
         <file>msp432p4xx_driverlib.lib</file>
         <name>timer_a.o</name>
      </input_file>
      <input_file id="fl-13">
         <path>C:\ti\simplelink_msp432p4_sdk_3_40_01_02\source\ti\devices\msp432p4xx\driverlib\ccs\</path>
         <kind>archive</kind>
         <file>msp432p4xx_driverlib.lib</file>
         <name>uart.o</name>
      </input_file>
      <input_file id="fl-14">
         <path>C:\ti\simplelink_msp432p4_sdk_3_40_01_02\source\ti\devices\msp432p4xx\driverlib\ccs\</path>
         <kind>archive</kind>
         <file>msp432p4xx_driverlib.lib</file>
         <name>cpu.o</name>
      </input_file>
      <input_file id="fl-ca">
         <path>C:\ti\ccs1110\ccs\tools\compiler\ti-cgt-arm_20.2.5.LTS\lib\</path>
         <kind>archive</kind>
         <file>rtsv7M4_T_le_v4SPD16_eabi.lib</file>
         <name>printf.c.obj</name>
      </input_file>
      <input_file id="fl-cb">
         <path>C:\ti\ccs1110\ccs\tools\compiler\ti-cgt-arm_20.2.5.LTS\lib\</path>
         <kind>archive</kind>
         <file>rtsv7M4_T_le_v4SPD16_eabi.lib</file>
         <name>_printfi.c.obj</name>
      </input_file>
      <input_file id="fl-cc">
         <path>C:\ti\ccs1110\ccs\tools\compiler\ti-cgt-arm_20.2.5.LTS\lib\</path>
         <kind>archive</kind>
         <file>rtsv7M4_T_le_v4SPD16_eabi.lib</file>
         <name>fopen.c.obj</name>
      </input_file>
      <input_file id="fl-cd">
         <path>C:\ti\ccs1110\ccs\tools\compiler\ti-cgt-arm_20.2.5.LTS\lib\</path>
         <kind>archive</kind>
         <file>rtsv7M4_T_le_v4SPD16_eabi.lib</file>
         <name>fputc.c.obj</name>
      </input_file>
      <input_file id="fl-ce">
         <path>C:\ti\ccs1110\ccs\tools\compiler\ti-cgt-arm_20.2.5.LTS\lib\</path>
         <kind>archive</kind>
         <file>rtsv7M4_T_le_v4SPD16_eabi.lib</file>
         <name>fputs.c.obj</name>
      </input_file>
      <input_file id="fl-cf">
         <path>C:\ti\ccs1110\ccs\tools\compiler\ti-cgt-arm_20.2.5.LTS\lib\</path>
         <kind>archive</kind>
         <file>rtsv7M4_T_le_v4SPD16_eabi.lib</file>
         <name>_io_perm.c.obj</name>
      </input_file>
      <input_file id="fl-d0">
         <path>C:\ti\ccs1110\ccs\tools\compiler\ti-cgt-arm_20.2.5.LTS\lib\</path>
         <kind>archive</kind>
         <file>rtsv7M4_T_le_v4SPD16_eabi.lib</file>
         <name>setvbuf.c.obj</name>
      </input_file>
      <input_file id="fl-d1">
         <path>C:\ti\ccs1110\ccs\tools\compiler\ti-cgt-arm_20.2.5.LTS\lib\</path>
         <kind>archive</kind>
         <file>rtsv7M4_T_le_v4SPD16_eabi.lib</file>
         <name>s_frexp.c.obj</name>
      </input_file>
      <input_file id="fl-d2">
         <path>C:\ti\ccs1110\ccs\tools\compiler\ti-cgt-arm_20.2.5.LTS\lib\</path>
         <kind>archive</kind>
         <file>rtsv7M4_T_le_v4SPD16_eabi.lib</file>
         <name>s_scalbn.c.obj</name>
      </input_file>
      <input_file id="fl-d3">
         <path>C:\ti\ccs1110\ccs\tools\compiler\ti-cgt-arm_20.2.5.LTS\lib\</path>
         <kind>archive</kind>
         <file>rtsv7M4_T_le_v4SPD16_eabi.lib</file>
         <name>wcslen.c.obj</name>
      </input_file>
      <input_file id="fl-d4">
         <path>C:\ti\ccs1110\ccs\tools\compiler\ti-cgt-arm_20.2.5.LTS\lib\</path>
         <kind>archive</kind>
         <file>rtsv7M4_T_le_v4SPD16_eabi.lib</file>
         <name>fd_add_t2.asm.obj</name>
      </input_file>
      <input_file id="fl-d5">
         <path>C:\ti\ccs1110\ccs\tools\compiler\ti-cgt-arm_20.2.5.LTS\lib\</path>
         <kind>archive</kind>
         <file>rtsv7M4_T_le_v4SPD16_eabi.lib</file>
         <name>fd_cmp_t2.asm.obj</name>
      </input_file>
      <input_file id="fl-d6">
         <path>C:\ti\ccs1110\ccs\tools\compiler\ti-cgt-arm_20.2.5.LTS\lib\</path>
         <kind>archive</kind>
         <file>rtsv7M4_T_le_v4SPD16_eabi.lib</file>
         <name>fd_div_t2.asm.obj</name>
      </input_file>
      <input_file id="fl-d7">
         <path>C:\ti\ccs1110\ccs\tools\compiler\ti-cgt-arm_20.2.5.LTS\lib\</path>
         <kind>archive</kind>
         <file>rtsv7M4_T_le_v4SPD16_eabi.lib</file>
         <name>fd_mul_t2.asm.obj</name>
      </input_file>
      <input_file id="fl-d8">
         <path>C:\ti\ccs1110\ccs\tools\compiler\ti-cgt-arm_20.2.5.LTS\lib\</path>
         <kind>archive</kind>
         <file>rtsv7M4_T_le_v4SPD16_eabi.lib</file>
         <name>fd_toi_t2.asm.obj</name>
      </input_file>
      <input_file id="fl-d9">
         <path>C:\ti\ccs1110\ccs\tools\compiler\ti-cgt-arm_20.2.5.LTS\lib\</path>
         <kind>archive</kind>
         <file>rtsv7M4_T_le_v4SPD16_eabi.lib</file>
         <name>i_tofd_t2.asm.obj</name>
      </input_file>
      <input_file id="fl-da">
         <path>C:\ti\ccs1110\ccs\tools\compiler\ti-cgt-arm_20.2.5.LTS\lib\</path>
         <kind>archive</kind>
         <file>rtsv7M4_T_le_v4SPD16_eabi.lib</file>
         <name>memcpy_t2.asm.obj</name>
      </input_file>
      <input_file id="fl-db">
         <path>C:\ti\ccs1110\ccs\tools\compiler\ti-cgt-arm_20.2.5.LTS\lib\</path>
         <kind>archive</kind>
         <file>rtsv7M4_T_le_v4SPD16_eabi.lib</file>
         <name>ull_div_t2.asm.obj</name>
      </input_file>
      <input_file id="fl-dc">
         <path>C:\ti\ccs1110\ccs\tools\compiler\ti-cgt-arm_20.2.5.LTS\lib\</path>
         <kind>archive</kind>
         <file>rtsv7M4_T_le_v4SPD16_eabi.lib</file>
         <name>memset_t2.asm.obj</name>
      </input_file>
      <input_file id="fl-dd">
         <path>C:\ti\ccs1110\ccs\tools\compiler\ti-cgt-arm_20.2.5.LTS\lib\</path>
         <kind>archive</kind>
         <file>rtsv7M4_T_le_v4SPD16_eabi.lib</file>
         <name>copy_zero_init.c.obj</name>
      </input_file>
      <input_file id="fl-de">
         <path>C:\ti\ccs1110\ccs\tools\compiler\ti-cgt-arm_20.2.5.LTS\lib\</path>
         <kind>archive</kind>
         <file>rtsv7M4_T_le_v4SPD16_eabi.lib</file>
         <name>copy_decompress_none.c.obj</name>
      </input_file>
      <input_file id="fl-df">
         <path>C:\ti\ccs1110\ccs\tools\compiler\ti-cgt-arm_20.2.5.LTS\lib\</path>
         <kind>archive</kind>
         <file>rtsv7M4_T_le_v4SPD16_eabi.lib</file>
         <name>copy_decompress_lzss.c.obj</name>
      </input_file>
      <input_file id="fl-e0">
         <path>C:\ti\ccs1110\ccs\tools\compiler\ti-cgt-arm_20.2.5.LTS\lib\</path>
         <kind>archive</kind>
         <file>rtsv7M4_T_le_v4SPD16_eabi.lib</file>
         <name>exit.c.obj</name>
      </input_file>
      <input_file id="fl-e1">
         <path>C:\ti\ccs1110\ccs\tools\compiler\ti-cgt-arm_20.2.5.LTS\lib\</path>
         <kind>archive</kind>
         <file>rtsv7M4_T_le_v4SPD16_eabi.lib</file>
         <name>_lock.c.obj</name>
      </input_file>
      <input_file id="fl-e2">
         <path>C:\ti\ccs1110\ccs\tools\compiler\ti-cgt-arm_20.2.5.LTS\lib\</path>
         <kind>archive</kind>
         <file>rtsv7M4_T_le_v4SPD16_eabi.lib</file>
         <name>_ltoa.c.obj</name>
      </input_file>
      <input_file id="fl-e3">
         <path>C:\ti\ccs1110\ccs\tools\compiler\ti-cgt-arm_20.2.5.LTS\lib\</path>
         <kind>archive</kind>
         <file>rtsv7M4_T_le_v4SPD16_eabi.lib</file>
         <name>atoi.c.obj</name>
      </input_file>
      <input_file id="fl-e4">
         <path>C:\ti\ccs1110\ccs\tools\compiler\ti-cgt-arm_20.2.5.LTS\lib\</path>
         <kind>archive</kind>
         <file>rtsv7M4_T_le_v4SPD16_eabi.lib</file>
         <name>ctype.c.obj</name>
      </input_file>
      <input_file id="fl-e5">
         <path>C:\ti\ccs1110\ccs\tools\compiler\ti-cgt-arm_20.2.5.LTS\lib\</path>
         <kind>archive</kind>
         <file>rtsv7M4_T_le_v4SPD16_eabi.lib</file>
         <name>defs.c.obj</name>
      </input_file>
      <input_file id="fl-e6">
         <path>C:\ti\ccs1110\ccs\tools\compiler\ti-cgt-arm_20.2.5.LTS\lib\</path>
         <kind>archive</kind>
         <file>rtsv7M4_T_le_v4SPD16_eabi.lib</file>
         <name>memccpy.c.obj</name>
      </input_file>
      <input_file id="fl-e7">
         <path>C:\ti\ccs1110\ccs\tools\compiler\ti-cgt-arm_20.2.5.LTS\lib\</path>
         <kind>archive</kind>
         <file>rtsv7M4_T_le_v4SPD16_eabi.lib</file>
         <name>memchr.c.obj</name>
      </input_file>
      <input_file id="fl-e8">
         <path>C:\ti\ccs1110\ccs\tools\compiler\ti-cgt-arm_20.2.5.LTS\lib\</path>
         <kind>archive</kind>
         <file>rtsv7M4_T_le_v4SPD16_eabi.lib</file>
         <name>memory.c.obj</name>
      </input_file>
      <input_file id="fl-e9">
         <path>C:\ti\ccs1110\ccs\tools\compiler\ti-cgt-arm_20.2.5.LTS\lib\</path>
         <kind>archive</kind>
         <file>rtsv7M4_T_le_v4SPD16_eabi.lib</file>
         <name>strchr.c.obj</name>
      </input_file>
      <input_file id="fl-ea">
         <path>C:\ti\ccs1110\ccs\tools\compiler\ti-cgt-arm_20.2.5.LTS\lib\</path>
         <kind>archive</kind>
         <file>rtsv7M4_T_le_v4SPD16_eabi.lib</file>
         <name>strlen.c.obj</name>
      </input_file>
      <input_file id="fl-eb">
         <path>C:\ti\ccs1110\ccs\tools\compiler\ti-cgt-arm_20.2.5.LTS\lib\</path>
         <kind>archive</kind>
         <file>rtsv7M4_T_le_v4SPD16_eabi.lib</file>
         <name>errno.c.obj</name>
      </input_file>
      <input_file id="fl-ec">
         <path>C:\ti\ccs1110\ccs\tools\compiler\ti-cgt-arm_20.2.5.LTS\lib\</path>
         <kind>archive</kind>
         <file>rtsv7M4_T_le_v4SPD16_eabi.lib</file>
         <name>boot_cortex_m.c.obj</name>
      </input_file>
      <input_file id="fl-ed">
         <path>C:\ti\ccs1110\ccs\tools\compiler\ti-cgt-arm_20.2.5.LTS\lib\</path>
         <kind>archive</kind>
         <file>rtsv7M4_T_le_v4SPD16_eabi.lib</file>
         <name>write.c.obj</name>
      </input_file>
      <input_file id="fl-ee">
         <path>C:\ti\ccs1110\ccs\tools\compiler\ti-cgt-arm_20.2.5.LTS\lib\</path>
         <kind>archive</kind>
         <file>rtsv7M4_T_le_v4SPD16_eabi.lib</file>
         <name>host_device.c.obj</name>
      </input_file>
      <input_file id="fl-ef">
         <path>C:\ti\ccs1110\ccs\tools\compiler\ti-cgt-arm_20.2.5.LTS\lib\</path>
         <kind>archive</kind>
         <file>rtsv7M4_T_le_v4SPD16_eabi.lib</file>
         <name>open.c.obj</name>
      </input_file>
      <input_file id="fl-f0">
         <path>C:\ti\ccs1110\ccs\tools\compiler\ti-cgt-arm_20.2.5.LTS\lib\</path>
         <kind>archive</kind>
         <file>rtsv7M4_T_le_v4SPD16_eabi.lib</file>
         <name>add_device.c.obj</name>
      </input_file>
      <input_file id="fl-f1">
         <path>C:\ti\ccs1110\ccs\tools\compiler\ti-cgt-arm_20.2.5.LTS\lib\</path>
         <kind>archive</kind>
         <file>rtsv7M4_T_le_v4SPD16_eabi.lib</file>
         <name>fclose.c.obj</name>
      </input_file>
      <input_file id="fl-f2">
         <path>C:\ti\ccs1110\ccs\tools\compiler\ti-cgt-arm_20.2.5.LTS\lib\</path>
         <kind>archive</kind>
         <file>rtsv7M4_T_le_v4SPD16_eabi.lib</file>
         <name>fflush.c.obj</name>
      </input_file>
      <input_file id="fl-f3">
         <path>C:\ti\ccs1110\ccs\tools\compiler\ti-cgt-arm_20.2.5.LTS\lib\</path>
         <kind>archive</kind>
         <file>rtsv7M4_T_le_v4SPD16_eabi.lib</file>
         <name>fseek.c.obj</name>
      </input_file>
      <input_file id="fl-f4">
         <path>C:\ti\ccs1110\ccs\tools\compiler\ti-cgt-arm_20.2.5.LTS\lib\</path>
         <kind>archive</kind>
         <file>rtsv7M4_T_le_v4SPD16_eabi.lib</file>
         <name>getdevice.c.obj</name>
      </input_file>
      <input_file id="fl-f5">
         <path>C:\ti\ccs1110\ccs\tools\compiler\ti-cgt-arm_20.2.5.LTS\lib\</path>
         <kind>archive</kind>
         <file>rtsv7M4_T_le_v4SPD16_eabi.lib</file>
         <name>s_copysign.c.obj</name>
      </input_file>
      <input_file id="fl-f6">
         <path>C:\ti\ccs1110\ccs\tools\compiler\ti-cgt-arm_20.2.5.LTS\lib\</path>
         <kind>archive</kind>
         <file>rtsv7M4_T_le_v4SPD16_eabi.lib</file>
         <name>div0.asm.obj</name>
      </input_file>
      <input_file id="fl-f7">
         <path>C:\ti\ccs1110\ccs\tools\compiler\ti-cgt-arm_20.2.5.LTS\lib\</path>
         <kind>archive</kind>
         <file>rtsv7M4_T_le_v4SPD16_eabi.lib</file>
         <name>autoinit.c.obj</name>
      </input_file>
      <input_file id="fl-f8">
         <path>C:\ti\ccs1110\ccs\tools\compiler\ti-cgt-arm_20.2.5.LTS\lib\</path>
         <kind>archive</kind>
         <file>rtsv7M4_T_le_v4SPD16_eabi.lib</file>
         <name>pre_init.c.obj</name>
      </input_file>
      <input_file id="fl-f9">
         <path>C:\ti\ccs1110\ccs\tools\compiler\ti-cgt-arm_20.2.5.LTS\lib\</path>
         <kind>archive</kind>
         <file>rtsv7M4_T_le_v4SPD16_eabi.lib</file>
         <name>cpy_tbl.c.obj</name>
      </input_file>
      <input_file id="fl-fa">
         <path>C:\ti\ccs1110\ccs\tools\compiler\ti-cgt-arm_20.2.5.LTS\lib\</path>
         <kind>archive</kind>
         <file>rtsv7M4_T_le_v4SPD16_eabi.lib</file>
         <name>args_main.c.obj</name>
      </input_file>
      <input_file id="fl-fb">
         <path>C:\ti\ccs1110\ccs\tools\compiler\ti-cgt-arm_20.2.5.LTS\lib\</path>
         <kind>archive</kind>
         <file>rtsv7M4_T_le_v4SPD16_eabi.lib</file>
         <name>strcmp.c.obj</name>
      </input_file>
      <input_file id="fl-fc">
         <path>C:\ti\ccs1110\ccs\tools\compiler\ti-cgt-arm_20.2.5.LTS\lib\</path>
         <kind>archive</kind>
         <file>rtsv7M4_T_le_v4SPD16_eabi.lib</file>
         <name>strncpy.c.obj</name>
      </input_file>
      <input_file id="fl-fd">
         <path>C:\ti\ccs1110\ccs\tools\compiler\ti-cgt-arm_20.2.5.LTS\lib\</path>
         <kind>archive</kind>
         <file>rtsv7M4_T_le_v4SPD16_eabi.lib</file>
         <name>hostclose.c.obj</name>
      </input_file>
      <input_file id="fl-fe">
         <path>C:\ti\ccs1110\ccs\tools\compiler\ti-cgt-arm_20.2.5.LTS\lib\</path>
         <kind>archive</kind>
         <file>rtsv7M4_T_le_v4SPD16_eabi.lib</file>
         <name>hostlseek.c.obj</name>
      </input_file>
      <input_file id="fl-ff">
         <path>C:\ti\ccs1110\ccs\tools\compiler\ti-cgt-arm_20.2.5.LTS\lib\</path>
         <kind>archive</kind>
         <file>rtsv7M4_T_le_v4SPD16_eabi.lib</file>
         <name>hostopen.c.obj</name>
      </input_file>
      <input_file id="fl-100">
         <path>C:\ti\ccs1110\ccs\tools\compiler\ti-cgt-arm_20.2.5.LTS\lib\</path>
         <kind>archive</kind>
         <file>rtsv7M4_T_le_v4SPD16_eabi.lib</file>
         <name>hostread.c.obj</name>
      </input_file>
      <input_file id="fl-101">
         <path>C:\ti\ccs1110\ccs\tools\compiler\ti-cgt-arm_20.2.5.LTS\lib\</path>
         <kind>archive</kind>
         <file>rtsv7M4_T_le_v4SPD16_eabi.lib</file>
         <name>hostrename.c.obj</name>
      </input_file>
      <input_file id="fl-102">
         <path>C:\ti\ccs1110\ccs\tools\compiler\ti-cgt-arm_20.2.5.LTS\lib\</path>
         <kind>archive</kind>
         <file>rtsv7M4_T_le_v4SPD16_eabi.lib</file>
         <name>hostunlink.c.obj</name>
      </input_file>
      <input_file id="fl-103">
         <path>C:\ti\ccs1110\ccs\tools\compiler\ti-cgt-arm_20.2.5.LTS\lib\</path>
         <kind>archive</kind>
         <file>rtsv7M4_T_le_v4SPD16_eabi.lib</file>
         <name>hostwrite.c.obj</name>
      </input_file>
      <input_file id="fl-104">
         <path>C:\ti\ccs1110\ccs\tools\compiler\ti-cgt-arm_20.2.5.LTS\lib\</path>
         <kind>archive</kind>
         <file>rtsv7M4_T_le_v4SPD16_eabi.lib</file>
         <name>trgmsg.c.obj</name>
      </input_file>
      <input_file id="fl-105">
         <path>C:\ti\ccs1110\ccs\tools\compiler\ti-cgt-arm_20.2.5.LTS\lib\</path>
         <kind>archive</kind>
         <file>rtsv7M4_T_le_v4SPD16_eabi.lib</file>
         <name>remove.c.obj</name>
      </input_file>
      <input_file id="fl-106">
         <path>C:\ti\ccs1110\ccs\tools\compiler\ti-cgt-arm_20.2.5.LTS\lib\</path>
         <kind>archive</kind>
         <file>rtsv7M4_T_le_v4SPD16_eabi.lib</file>
         <name>lseek.c.obj</name>
      </input_file>
      <input_file id="fl-107">
         <path>C:\ti\ccs1110\ccs\tools\compiler\ti-cgt-arm_20.2.5.LTS\lib\</path>
         <kind>archive</kind>
         <file>rtsv7M4_T_le_v4SPD16_eabi.lib</file>
         <name>close.c.obj</name>
      </input_file>
      <input_file id="fl-108">
         <path>C:\ti\ccs1110\ccs\tools\compiler\ti-cgt-arm_20.2.5.LTS\lib\</path>
         <kind>archive</kind>
         <file>rtsv7M4_T_le_v4SPD16_eabi.lib</file>
         <name>strcpy.c.obj</name>
      </input_file>
      <input_file id="fl-109">
         <path>C:\ti\ccs1110\ccs\tools\compiler\ti-cgt-arm_20.2.5.LTS\lib\</path>
         <kind>archive</kind>
         <file>rtsv7M4_T_le_v4SPD16_eabi.lib</file>
         <name>unlink.c.obj</name>
      </input_file>
   </input_file_list>
   <object_component_list>
      <object_component id="oc-26">
         <name>.intvecs:retain</name>
         <load_address>0x0</load_address>
         <run_address>0x0</run_address>
         <size>0xe4</size>
         <input_file_ref idref="fl-4"/>
      </object_component>
      <object_component id="oc-1bf">
         <name>.text:__TI_printfi</name>
         <load_address>0xe4</load_address>
         <run_address>0xe4</run_address>
         <size>0xa4e</size>
         <input_file_ref idref="fl-cb"/>
      </object_component>
      <object_component id="oc-125">
         <name>.text:RGB_control</name>
         <load_address>0xb32</load_address>
         <run_address>0xb32</run_address>
         <size>0x27e</size>
         <input_file_ref idref="fl-2"/>
      </object_component>
      <object_component id="oc-2db">
         <name>.text:_pconv_a</name>
         <load_address>0xdb0</load_address>
         <run_address>0xdb0</run_address>
         <size>0x270</size>
         <input_file_ref idref="fl-cb"/>
      </object_component>
      <object_component id="oc-a0">
         <name>.text:main</name>
         <load_address>0x1020</load_address>
         <run_address>0x1020</run_address>
         <size>0x214</size>
         <input_file_ref idref="fl-2"/>
      </object_component>
      <object_component id="oc-2c9">
         <name>.text:_pconv_g</name>
         <load_address>0x1234</load_address>
         <run_address>0x1234</run_address>
         <size>0x1d0</size>
         <input_file_ref idref="fl-cb"/>
      </object_component>
      <object_component id="oc-3f7">
         <name>.text</name>
         <load_address>0x1404</load_address>
         <run_address>0x1404</run_address>
         <size>0x1b6</size>
         <input_file_ref idref="fl-d4"/>
      </object_component>
      <object_component id="oc-70">
         <name>.text:Default_Handler</name>
         <load_address>0x15ba</load_address>
         <run_address>0x15ba</run_address>
         <size>0x2</size>
         <input_file_ref idref="fl-4"/>
      </object_component>
      <object_component id="oc-323">
         <name>.text:privateTimer_AProcessClockSourceDivider</name>
         <load_address>0x15bc</load_address>
         <run_address>0x15bc</run_address>
         <size>0x144</size>
         <input_file_ref idref="fl-12"/>
      </object_component>
      <object_component id="oc-2d5">
         <name>.text:_pconv_e</name>
         <load_address>0x1700</load_address>
         <run_address>0x1700</run_address>
         <size>0x13c</size>
         <input_file_ref idref="fl-cb"/>
      </object_component>
      <object_component id="oc-3dd">
         <name>.text</name>
         <load_address>0x183c</load_address>
         <run_address>0x183c</run_address>
         <size>0x136</size>
         <input_file_ref idref="fl-d6"/>
      </object_component>
      <object_component id="oc-2ff">
         <name>.text:_nop</name>
         <load_address>0x1972</load_address>
         <run_address>0x1972</run_address>
         <size>0x2</size>
         <input_file_ref idref="fl-e1"/>
      </object_component>
      <object_component id="oc-409">
         <name>.text:fcvt</name>
         <load_address>0x1974</load_address>
         <run_address>0x1974</run_address>
         <size>0x124</size>
         <input_file_ref idref="fl-cb"/>
      </object_component>
      <object_component id="oc-3ab">
         <name>.text:UART_initModule</name>
         <load_address>0x1a98</load_address>
         <run_address>0x1a98</run_address>
         <size>0x11c</size>
         <input_file_ref idref="fl-13"/>
      </object_component>
      <object_component id="oc-30d">
         <name>.text:fputs</name>
         <load_address>0x1bb4</load_address>
         <run_address>0x1bb4</run_address>
         <size>0x114</size>
         <input_file_ref idref="fl-ce"/>
      </object_component>
      <object_component id="oc-379">
         <name>.text:_openfile</name>
         <load_address>0x1cc8</load_address>
         <run_address>0x1cc8</run_address>
         <size>0x110</size>
         <input_file_ref idref="fl-cc"/>
      </object_component>
      <object_component id="oc-41d">
         <name>.text:scalbn</name>
         <load_address>0x1dd8</load_address>
         <run_address>0x1dd8</run_address>
         <size>0x110</size>
         <input_file_ref idref="fl-d2"/>
      </object_component>
      <object_component id="oc-4fa">
         <name>.text:aligned_alloc</name>
         <load_address>0x1ee8</load_address>
         <run_address>0x1ee8</run_address>
         <size>0x100</size>
         <input_file_ref idref="fl-e8"/>
      </object_component>
      <object_component id="oc-3d8">
         <name>.text</name>
         <load_address>0x1fe8</load_address>
         <run_address>0x1fe8</run_address>
         <size>0xfc</size>
         <input_file_ref idref="fl-d7"/>
      </object_component>
      <object_component id="oc-381">
         <name>.text:free</name>
         <load_address>0x20e4</load_address>
         <run_address>0x20e4</run_address>
         <size>0xe4</size>
         <input_file_ref idref="fl-e8"/>
      </object_component>
      <object_component id="oc-276">
         <name>.text:setvbuf</name>
         <load_address>0x21c8</load_address>
         <run_address>0x21c8</run_address>
         <size>0xdc</size>
         <input_file_ref idref="fl-d0"/>
      </object_component>
      <object_component id="oc-1eb">
         <name>.text:Timer_A_registerInterrupt</name>
         <load_address>0x22a4</load_address>
         <run_address>0x22a4</run_address>
         <size>0xd2</size>
         <input_file_ref idref="fl-12"/>
      </object_component>
      <object_component id="oc-515">
         <name>.text</name>
         <load_address>0x2376</load_address>
         <run_address>0x2376</run_address>
         <size>0x2</size>
         <input_file_ref idref="fl-f6"/>
      </object_component>
      <object_component id="oc-4e4">
         <name>.text:open</name>
         <load_address>0x2378</load_address>
         <run_address>0x2378</run_address>
         <size>0xbc</size>
         <input_file_ref idref="fl-ef"/>
      </object_component>
      <object_component id="oc-26a">
         <name>.text:add_device</name>
         <load_address>0x2434</load_address>
         <run_address>0x2434</run_address>
         <size>0xb8</size>
         <input_file_ref idref="fl-f0"/>
      </object_component>
      <object_component id="oc-2be">
         <name>.text:_ltostr</name>
         <load_address>0x24ec</load_address>
         <run_address>0x24ec</run_address>
         <size>0xb1</size>
         <input_file_ref idref="fl-cb"/>
      </object_component>
      <object_component id="oc-19e">
         <name>.text:init_std_uart</name>
         <load_address>0x25a0</load_address>
         <run_address>0x25a0</run_address>
         <size>0x9c</size>
         <input_file_ref idref="fl-3"/>
      </object_component>
      <object_component id="oc-3a">
         <name>.text</name>
         <load_address>0x263c</load_address>
         <run_address>0x263c</run_address>
         <size>0x9c</size>
         <input_file_ref idref="fl-da"/>
      </object_component>
      <object_component id="oc-b2">
         <name>.text:SystemInit</name>
         <load_address>0x26d8</load_address>
         <run_address>0x26d8</run_address>
         <size>0x98</size>
         <input_file_ref idref="fl-5"/>
      </object_component>
      <object_component id="oc-3d1">
         <name>.text</name>
         <load_address>0x2770</load_address>
         <run_address>0x2770</run_address>
         <size>0x96</size>
         <input_file_ref idref="fl-db"/>
      </object_component>
      <object_component id="oc-314">
         <name>.text:fputc</name>
         <load_address>0x2808</load_address>
         <run_address>0x2808</run_address>
         <size>0x8c</size>
         <input_file_ref idref="fl-cd"/>
      </object_component>
      <object_component id="oc-2c4">
         <name>.text:__aeabi_cdcmple</name>
         <load_address>0x2894</load_address>
         <run_address>0x2894</run_address>
         <size>0x86</size>
         <input_file_ref idref="fl-d5"/>
      </object_component>
      <object_component id="oc-3e2">
         <name>.text:__aeabi_cdrcmple</name>
         <load_address>0x291a</load_address>
         <run_address>0x291a</run_address>
         <size>0x86</size>
         <input_file_ref idref="fl-d5"/>
      </object_component>
      <object_component id="oc-131">
         <name>.text:get_bmp_num</name>
         <load_address>0x29a0</load_address>
         <run_address>0x29a0</run_address>
         <size>0x84</size>
         <input_file_ref idref="fl-2"/>
      </object_component>
      <object_component id="oc-331">
         <name>.text:Interrupt_enableInterrupt</name>
         <load_address>0x2a24</load_address>
         <run_address>0x2a24</run_address>
         <size>0x80</size>
         <input_file_ref idref="fl-11"/>
      </object_component>
      <object_component id="oc-29d">
         <name>.text:dopen</name>
         <load_address>0x2aa4</load_address>
         <run_address>0x2aa4</run_address>
         <size>0x80</size>
         <input_file_ref idref="fl-3"/>
      </object_component>
      <object_component id="oc-94">
         <name>.text</name>
         <load_address>0x2b24</load_address>
         <run_address>0x2b24</run_address>
         <size>0x7a</size>
         <input_file_ref idref="fl-dc"/>
      </object_component>
      <object_component id="oc-10d">
         <name>.text:RGB_display</name>
         <load_address>0x2ba0</load_address>
         <run_address>0x2ba0</run_address>
         <size>0x78</size>
         <input_file_ref idref="fl-2"/>
      </object_component>
      <object_component id="oc-373">
         <name>.text:__TI_closefile</name>
         <load_address>0x2c18</load_address>
         <run_address>0x2c18</run_address>
         <size>0x74</size>
         <input_file_ref idref="fl-f1"/>
      </object_component>
      <object_component id="oc-207">
         <name>.text:RGB_array</name>
         <load_address>0x2c8c</load_address>
         <run_address>0x2c8c</run_address>
         <size>0x70</size>
         <input_file_ref idref="fl-2"/>
      </object_component>
      <object_component id="oc-5a7">
         <name>.text:split</name>
         <load_address>0x2cfc</load_address>
         <run_address>0x2cfc</run_address>
         <size>0x70</size>
         <input_file_ref idref="fl-e8"/>
      </object_component>
      <object_component id="oc-402">
         <name>.text:_mcpy</name>
         <load_address>0x2d6c</load_address>
         <run_address>0x2d6c</run_address>
         <size>0x6e</size>
         <input_file_ref idref="fl-cb"/>
      </object_component>
      <object_component id="oc-4c5">
         <name>.text:HOSTrename</name>
         <load_address>0x2ddc</load_address>
         <run_address>0x2ddc</run_address>
         <size>0x6c</size>
         <input_file_ref idref="fl-101"/>
      </object_component>
      <object_component id="oc-4b9">
         <name>.text:HOSTlseek</name>
         <load_address>0x2e48</load_address>
         <run_address>0x2e48</run_address>
         <size>0x68</size>
         <input_file_ref idref="fl-fe"/>
      </object_component>
      <object_component id="oc-1e5">
         <name>.text:Timer_A_configureUpMode</name>
         <load_address>0x2eb0</load_address>
         <run_address>0x2eb0</run_address>
         <size>0x68</size>
         <input_file_ref idref="fl-12"/>
      </object_component>
      <object_component id="oc-17">
         <name>.text:decompress:lzss:__TI_decompress_lzss</name>
         <load_address>0x2f18</load_address>
         <run_address>0x2f18</run_address>
         <size>0x68</size>
         <input_file_ref idref="fl-df"/>
      </object_component>
      <object_component id="oc-ef">
         <name>.text:printf</name>
         <load_address>0x2f80</load_address>
         <run_address>0x2f80</run_address>
         <size>0x68</size>
         <input_file_ref idref="fl-ca"/>
      </object_component>
      <object_component id="oc-417">
         <name>.text:frexp</name>
         <load_address>0x2fe8</load_address>
         <run_address>0x2fe8</run_address>
         <size>0x64</size>
         <input_file_ref idref="fl-d1"/>
      </object_component>
      <object_component id="oc-54a">
         <name>.text:fseek</name>
         <load_address>0x304c</load_address>
         <run_address>0x304c</run_address>
         <size>0x64</size>
         <input_file_ref idref="fl-f3"/>
      </object_component>
      <object_component id="oc-44e">
         <name>.text:__TI_wrt_ok</name>
         <load_address>0x30b0</load_address>
         <run_address>0x30b0</run_address>
         <size>0x62</size>
         <input_file_ref idref="fl-cf"/>
      </object_component>
      <object_component id="oc-4a1">
         <name>.text:HOSTopen</name>
         <load_address>0x3114</load_address>
         <run_address>0x3114</run_address>
         <size>0x60</size>
         <input_file_ref idref="fl-ff"/>
      </object_component>
      <object_component id="oc-e3">
         <name>.text:GPIOInit</name>
         <load_address>0x3174</load_address>
         <run_address>0x3174</run_address>
         <size>0x5c</size>
         <input_file_ref idref="fl-2"/>
      </object_component>
      <object_component id="oc-32b">
         <name>.text:Interrupt_registerInterrupt</name>
         <load_address>0x31d0</load_address>
         <run_address>0x31d0</run_address>
         <size>0x5c</size>
         <input_file_ref idref="fl-11"/>
      </object_component>
      <object_component id="oc-4d5">
         <name>.text:close</name>
         <load_address>0x322c</load_address>
         <run_address>0x322c</run_address>
         <size>0x5c</size>
         <input_file_ref idref="fl-107"/>
      </object_component>
      <object_component id="oc-1b1">
         <name>.text:GPIO_setAsInputPinWithPullUpResistor</name>
         <load_address>0x3288</load_address>
         <run_address>0x3288</run_address>
         <size>0x58</size>
         <input_file_ref idref="fl-10"/>
      </object_component>
      <object_component id="oc-4ad">
         <name>.text:HOSTread</name>
         <load_address>0x32e0</load_address>
         <run_address>0x32e0</run_address>
         <size>0x58</size>
         <input_file_ref idref="fl-100"/>
      </object_component>
      <object_component id="oc-4b3">
         <name>.text:HOSTwrite</name>
         <load_address>0x3338</load_address>
         <run_address>0x3338</run_address>
         <size>0x58</size>
         <input_file_ref idref="fl-103"/>
      </object_component>
      <object_component id="oc-2cf">
         <name>.text:_pconv_f</name>
         <load_address>0x3390</load_address>
         <run_address>0x3390</run_address>
         <size>0x56</size>
         <input_file_ref idref="fl-cb"/>
      </object_component>
      <object_component id="oc-fb">
         <name>.text:TimerInit</name>
         <load_address>0x33e8</load_address>
         <run_address>0x33e8</run_address>
         <size>0x54</size>
         <input_file_ref idref="fl-2"/>
      </object_component>
      <object_component id="oc-3ec">
         <name>.text:__TI_ltoa</name>
         <load_address>0x343c</load_address>
         <run_address>0x343c</run_address>
         <size>0x54</size>
         <input_file_ref idref="fl-e2"/>
      </object_component>
      <object_component id="oc-27f">
         <name>.text:dread</name>
         <load_address>0x3490</load_address>
         <run_address>0x3490</run_address>
         <size>0x54</size>
         <input_file_ref idref="fl-3"/>
      </object_component>
      <object_component id="oc-13d">
         <name>.text:incorrect</name>
         <load_address>0x34e4</load_address>
         <run_address>0x34e4</run_address>
         <size>0x54</size>
         <input_file_ref idref="fl-2"/>
      </object_component>
      <object_component id="oc-137">
         <name>.text:over_time</name>
         <load_address>0x3538</load_address>
         <run_address>0x3538</run_address>
         <size>0x54</size>
         <input_file_ref idref="fl-2"/>
      </object_component>
      <object_component id="oc-3fc">
         <name>.text:_ecpy</name>
         <load_address>0x358c</load_address>
         <run_address>0x358c</run_address>
         <size>0x52</size>
         <input_file_ref idref="fl-cb"/>
      </object_component>
      <object_component id="oc-143">
         <name>.text:you_win</name>
         <load_address>0x35e0</load_address>
         <run_address>0x35e0</run_address>
         <size>0x50</size>
         <input_file_ref idref="fl-2"/>
      </object_component>
      <object_component id="oc-1ab">
         <name>.text:GPIO_setAsInputPin</name>
         <load_address>0x3630</load_address>
         <run_address>0x3630</run_address>
         <size>0x4c</size>
         <input_file_ref idref="fl-10"/>
      </object_component>
      <object_component id="oc-45a">
         <name>.text:__TI_doflush</name>
         <load_address>0x367c</load_address>
         <run_address>0x367c</run_address>
         <size>0x4c</size>
         <input_file_ref idref="fl-f2"/>
      </object_component>
      <object_component id="oc-2b8">
         <name>.text:atoi</name>
         <load_address>0x36c8</load_address>
         <run_address>0x36c8</run_address>
         <size>0x4c</size>
         <input_file_ref idref="fl-e3"/>
      </object_component>
      <object_component id="oc-21d">
         <name>.text:check_bmp_press</name>
         <load_address>0x3714</load_address>
         <run_address>0x3714</run_address>
         <size>0x4c</size>
         <input_file_ref idref="fl-2"/>
      </object_component>
      <object_component id="oc-285">
         <name>.text:dwrite</name>
         <load_address>0x3760</load_address>
         <run_address>0x3760</run_address>
         <size>0x48</size>
         <input_file_ref idref="fl-3"/>
      </object_component>
      <object_component id="oc-160">
         <name>.text:exit</name>
         <load_address>0x37a8</load_address>
         <run_address>0x37a8</run_address>
         <size>0x48</size>
         <input_file_ref idref="fl-e0"/>
      </object_component>
      <object_component id="oc-3e7">
         <name>.text</name>
         <load_address>0x37f0</load_address>
         <run_address>0x37f0</run_address>
         <size>0x48</size>
         <input_file_ref idref="fl-d8"/>
      </object_component>
      <object_component id="oc-4a7">
         <name>.text:HOSTclose</name>
         <load_address>0x3838</load_address>
         <run_address>0x3838</run_address>
         <size>0x44</size>
         <input_file_ref idref="fl-fd"/>
      </object_component>
      <object_component id="oc-4bf">
         <name>.text:HOSTunlink</name>
         <load_address>0x387c</load_address>
         <run_address>0x387c</run_address>
         <size>0x44</size>
         <input_file_ref idref="fl-102"/>
      </object_component>
      <object_component id="oc-166">
         <name>.text:__TI_auto_init_nobinit_nopinit:__TI_auto_init_nobinit_nopinit</name>
         <load_address>0x38c0</load_address>
         <run_address>0x38c0</run_address>
         <size>0x44</size>
         <input_file_ref idref="fl-f7"/>
      </object_component>
      <object_component id="oc-595">
         <name>.text:getdevice</name>
         <load_address>0x3904</load_address>
         <run_address>0x3904</run_address>
         <size>0x44</size>
         <input_file_ref idref="fl-f4"/>
      </object_component>
      <object_component id="oc-1a5">
         <name>.text:GPIO_setAsOutputPin</name>
         <load_address>0x3948</load_address>
         <run_address>0x3948</run_address>
         <size>0x40</size>
         <input_file_ref idref="fl-10"/>
      </object_component>
      <object_component id="oc-40f">
         <name>.text:_fcpy</name>
         <load_address>0x3988</load_address>
         <run_address>0x3988</run_address>
         <size>0x3e</size>
         <input_file_ref idref="fl-cb"/>
      </object_component>
      <object_component id="oc-56a">
         <name>.text:__TI_writemsg</name>
         <load_address>0x39c8</load_address>
         <run_address>0x39c8</run_address>
         <size>0x38</size>
         <input_file_ref idref="fl-104"/>
      </object_component>
      <object_component id="oc-367">
         <name>.text:strncpy</name>
         <load_address>0x3a00</load_address>
         <run_address>0x3a00</run_address>
         <size>0x36</size>
         <input_file_ref idref="fl-fc"/>
      </object_component>
      <object_component id="oc-38d">
         <name>.text:__TI_cleanup</name>
         <load_address>0x3a38</load_address>
         <run_address>0x3a38</run_address>
         <size>0x34</size>
         <input_file_ref idref="fl-cc"/>
      </object_component>
      <object_component id="oc-570">
         <name>.text:__TI_readmsg</name>
         <load_address>0x3a6c</load_address>
         <run_address>0x3a6c</run_address>
         <size>0x34</size>
         <input_file_ref idref="fl-104"/>
      </object_component>
      <object_component id="oc-58">
         <name>.text:_c_int00_noargs:_c_int00_noargs</name>
         <load_address>0x3aa0</load_address>
         <run_address>0x3aa0</run_address>
         <size>0x34</size>
         <input_file_ref idref="fl-ec"/>
      </object_component>
      <object_component id="oc-270">
         <name>.text:freopen</name>
         <load_address>0x3ad4</load_address>
         <run_address>0x3ad4</run_address>
         <size>0x34</size>
         <input_file_ref idref="fl-cc"/>
      </object_component>
      <object_component id="oc-1de">
         <name>.text:GPIO_getInputPinValue</name>
         <load_address>0x3b08</load_address>
         <run_address>0x3b08</run_address>
         <size>0x30</size>
         <input_file_ref idref="fl-10"/>
      </object_component>
      <object_component id="oc-361">
         <name>.text:finddevice</name>
         <load_address>0x3b38</load_address>
         <run_address>0x3b38</run_address>
         <size>0x30</size>
         <input_file_ref idref="fl-f4"/>
      </object_component>
      <object_component id="oc-3f2">
         <name>.text</name>
         <load_address>0x3b68</load_address>
         <run_address>0x3b68</run_address>
         <size>0x2e</size>
         <input_file_ref idref="fl-d9"/>
      </object_component>
      <object_component id="oc-224">
         <name>.text:Timer_delay</name>
         <load_address>0x3b98</load_address>
         <run_address>0x3b98</run_address>
         <size>0x2c</size>
         <input_file_ref idref="fl-2"/>
      </object_component>
      <object_component id="oc-4db">
         <name>.text:unlink</name>
         <load_address>0x3bc4</load_address>
         <run_address>0x3bc4</run_address>
         <size>0x2c</size>
         <input_file_ref idref="fl-109"/>
      </object_component>
      <object_component id="oc-f5">
         <name>.text:Game_starting_logic</name>
         <load_address>0x3bf0</load_address>
         <run_address>0x3bf0</run_address>
         <size>0x2a</size>
         <input_file_ref idref="fl-2"/>
      </object_component>
      <object_component id="oc-1f9">
         <name>.text:GPIO_setOutputHighOnPin</name>
         <load_address>0x3c1c</load_address>
         <run_address>0x3c1c</run_address>
         <size>0x28</size>
         <input_file_ref idref="fl-10"/>
      </object_component>
      <object_component id="oc-1b7">
         <name>.text:GPIO_setOutputLowOnPin</name>
         <load_address>0x3c44</load_address>
         <run_address>0x3c44</run_address>
         <size>0x28</size>
         <input_file_ref idref="fl-10"/>
      </object_component>
      <object_component id="oc-4f3">
         <name>.text:free_list_insert</name>
         <load_address>0x3c6c</load_address>
         <run_address>0x3c6c</run_address>
         <size>0x28</size>
         <input_file_ref idref="fl-e8"/>
      </object_component>
      <object_component id="oc-5ca">
         <name>.text:lseek</name>
         <load_address>0x3c94</load_address>
         <run_address>0x3c94</run_address>
         <size>0x28</size>
         <input_file_ref idref="fl-106"/>
      </object_component>
      <object_component id="oc-460">
         <name>.text:write</name>
         <load_address>0x3cbc</load_address>
         <run_address>0x3cbc</run_address>
         <size>0x28</size>
         <input_file_ref idref="fl-ed"/>
      </object_component>
      <object_component id="oc-454">
         <name>.text:memchr</name>
         <load_address>0x3ce4</load_address>
         <run_address>0x3ce4</run_address>
         <size>0x20</size>
         <input_file_ref idref="fl-e7"/>
      </object_component>
      <object_component id="oc-2a3">
         <name>.text:dclose</name>
         <load_address>0x3d04</load_address>
         <run_address>0x3d04</run_address>
         <size>0x1c</size>
         <input_file_ref idref="fl-3"/>
      </object_component>
      <object_component id="oc-46">
         <name>.text:decompress:ZI:__TI_zero_init_nomemset:__TI_zero_init_nomemset</name>
         <load_address>0x3d20</load_address>
         <run_address>0x3d20</run_address>
         <size>0x1c</size>
         <input_file_ref idref="fl-dd"/>
      </object_component>
      <object_component id="oc-4ed">
         <name>.text:free_list_remove</name>
         <load_address>0x3d3c</load_address>
         <run_address>0x3d3c</run_address>
         <size>0x1c</size>
         <input_file_ref idref="fl-e8"/>
      </object_component>
      <object_component id="oc-2e1">
         <name>.text:memccpy</name>
         <load_address>0x3d58</load_address>
         <run_address>0x3d58</run_address>
         <size>0x1c</size>
         <input_file_ref idref="fl-e6"/>
      </object_component>
      <object_component id="oc-52e">
         <name>.text:copysign</name>
         <load_address>0x3d74</load_address>
         <run_address>0x3d74</run_address>
         <size>0x1a</size>
         <input_file_ref idref="fl-f5"/>
      </object_component>
      <object_component id="oc-200">
         <name>.text:Timer_A_clearTimer</name>
         <load_address>0x3d90</load_address>
         <run_address>0x3d90</run_address>
         <size>0x18</size>
         <input_file_ref idref="fl-12"/>
      </object_component>
      <object_component id="oc-1f2">
         <name>.text:Timer_ISR</name>
         <load_address>0x3da8</load_address>
         <run_address>0x3da8</run_address>
         <size>0x18</size>
         <input_file_ref idref="fl-2"/>
      </object_component>
      <object_component id="oc-107">
         <name>.text:Timer_reset</name>
         <load_address>0x3dc0</load_address>
         <run_address>0x3dc0</run_address>
         <size>0x18</size>
         <input_file_ref idref="fl-2"/>
      </object_component>
      <object_component id="oc-497">
         <name>.text:strcmp</name>
         <load_address>0x3dd8</load_address>
         <run_address>0x3dd8</run_address>
         <size>0x18</size>
         <input_file_ref idref="fl-fb"/>
      </object_component>
      <object_component id="oc-338">
         <name>.text:Timer_A_clearInterruptFlag</name>
         <load_address>0x3df0</load_address>
         <run_address>0x3df0</run_address>
         <size>0x16</size>
         <input_file_ref idref="fl-12"/>
      </object_component>
      <object_component id="oc-12b">
         <name>.text:Timer_A_startCounter</name>
         <load_address>0x3e06</load_address>
         <run_address>0x3e06</run_address>
         <size>0x16</size>
         <input_file_ref idref="fl-12"/>
      </object_component>
      <object_component id="oc-423">
         <name>.text:strchr</name>
         <load_address>0x3e1c</load_address>
         <run_address>0x3e1c</run_address>
         <size>0x16</size>
         <input_file_ref idref="fl-e9"/>
      </object_component>
      <object_component id="oc-113">
         <name>.text:BiLed_green</name>
         <load_address>0x3e32</load_address>
         <run_address>0x3e32</run_address>
         <size>0x14</size>
         <input_file_ref idref="fl-2"/>
      </object_component>
      <object_component id="oc-101">
         <name>.text:BiLed_red</name>
         <load_address>0x3e46</load_address>
         <run_address>0x3e46</run_address>
         <size>0x14</size>
         <input_file_ref idref="fl-2"/>
      </object_component>
      <object_component id="oc-11f">
         <name>.text:Timer_A_stopTimer</name>
         <load_address>0x3e5a</load_address>
         <run_address>0x3e5a</run_address>
         <size>0x14</size>
         <input_file_ref idref="fl-12"/>
      </object_component>
      <object_component id="oc-119">
         <name>.text:check_pb</name>
         <load_address>0x3e70</load_address>
         <run_address>0x3e70</run_address>
         <size>0x14</size>
         <input_file_ref idref="fl-2"/>
      </object_component>
      <object_component id="oc-584">
         <name>.text:strcpy</name>
         <load_address>0x3e84</load_address>
         <run_address>0x3e84</run_address>
         <size>0x14</size>
         <input_file_ref idref="fl-108"/>
      </object_component>
      <object_component id="oc-2b2">
         <name>.text:strlen</name>
         <load_address>0x3e98</load_address>
         <run_address>0x3e98</run_address>
         <size>0x14</size>
         <input_file_ref idref="fl-ea"/>
      </object_component>
      <object_component id="oc-28b">
         <name>.text:dlseek</name>
         <load_address>0x3eac</load_address>
         <run_address>0x3eac</run_address>
         <size>0x12</size>
         <input_file_ref idref="fl-3"/>
      </object_component>
      <object_component id="oc-2e7">
         <name>.text:wcslen</name>
         <load_address>0x3ebe</load_address>
         <run_address>0x3ebe</run_address>
         <size>0x12</size>
         <input_file_ref idref="fl-d3"/>
      </object_component>
      <object_component id="oc-297">
         <name>.text:drename</name>
         <load_address>0x3ed0</load_address>
         <run_address>0x3ed0</run_address>
         <size>0x10</size>
         <input_file_ref idref="fl-3"/>
      </object_component>
      <object_component id="oc-1d">
         <name>.text:decompress:none:__TI_decompress_none</name>
         <load_address>0x3ee0</load_address>
         <run_address>0x3ee0</run_address>
         <size>0xe</size>
         <input_file_ref idref="fl-de"/>
      </object_component>
      <object_component id="oc-291">
         <name>.text:dunlink</name>
         <load_address>0x3eee</load_address>
         <run_address>0x3eee</run_address>
         <size>0xe</size>
         <input_file_ref idref="fl-3"/>
      </object_component>
      <object_component id="oc-22a">
         <name>.text:BiLed_off</name>
         <load_address>0x3efc</load_address>
         <run_address>0x3efc</run_address>
         <size>0xc</size>
         <input_file_ref idref="fl-2"/>
      </object_component>
      <object_component id="oc-e9">
         <name>.text:RGB_reset</name>
         <load_address>0x3f08</load_address>
         <run_address>0x3f08</run_address>
         <size>0xc</size>
         <input_file_ref idref="fl-2"/>
      </object_component>
      <object_component id="oc-6a">
         <name>.text:Reset_Handler</name>
         <load_address>0x3f14</load_address>
         <run_address>0x3f14</run_address>
         <size>0xc</size>
         <input_file_ref idref="fl-4"/>
      </object_component>
      <object_component id="oc-dd">
         <name>.text:SysInit</name>
         <load_address>0x3f20</load_address>
         <run_address>0x3f20</run_address>
         <size>0x8</size>
         <input_file_ref idref="fl-3"/>
      </object_component>
      <object_component id="oc-2ed">
         <name>.text:__aeabi_errno_addr</name>
         <load_address>0x3f28</load_address>
         <run_address>0x3f28</run_address>
         <size>0x8</size>
         <input_file_ref idref="fl-eb"/>
      </object_component>
      <object_component id="oc-387">
         <name>.text:malloc</name>
         <load_address>0x3f30</load_address>
         <run_address>0x3f30</run_address>
         <size>0x8</size>
         <input_file_ref idref="fl-e8"/>
      </object_component>
      <object_component id="oc-1d1">
         <name>.text:_outc</name>
         <load_address>0x3f38</load_address>
         <run_address>0x3f38</run_address>
         <size>0x4</size>
         <input_file_ref idref="fl-ca"/>
      </object_component>
      <object_component id="oc-1cb">
         <name>.text:_outs</name>
         <load_address>0x3f3c</load_address>
         <run_address>0x3f3c</run_address>
         <size>0x4</size>
         <input_file_ref idref="fl-ca"/>
      </object_component>
      <object_component id="oc-9a">
         <name>.text:_system_pre_init</name>
         <load_address>0x3f40</load_address>
         <run_address>0x3f40</run_address>
         <size>0x4</size>
         <input_file_ref idref="fl-f8"/>
      </object_component>
      <object_component id="oc-15a">
         <name>.text:abort:abort</name>
         <load_address>0x3f44</load_address>
         <run_address>0x3f44</run_address>
         <size>0x4</size>
         <input_file_ref idref="fl-e0"/>
      </object_component>
      <object_component id="oc-3cc">
         <name>.const:.string:_ctypes_</name>
         <load_address>0x3f48</load_address>
         <run_address>0x3f48</run_address>
         <size>0x101</size>
         <input_file_ref idref="fl-e4"/>
      </object_component>
      <object_component id="oc-2ab">
         <name>.const:GPIO_PORT_TO_BASE</name>
         <load_address>0x404c</load_address>
         <run_address>0x404c</run_address>
         <size>0x30</size>
         <input_file_ref idref="fl-10"/>
      </object_component>
      <object_component id="oc-3b1">
         <name>.const:$P$T1$2</name>
         <load_address>0x407c</load_address>
         <run_address>0x407c</run_address>
         <size>0x28</size>
         <input_file_ref idref="fl-3"/>
      </object_component>
      <object_component id="oc-486">
         <name>.const:g_pulEnRegs</name>
         <load_address>0x40a4</load_address>
         <run_address>0x40a4</run_address>
         <size>0x8</size>
         <input_file_ref idref="fl-11"/>
      </object_component>
      <object_component id="oc-27c">
         <name>.const:.string:$P$T0$1</name>
         <load_address>0x40ac</load_address>
         <run_address>0x40ac</run_address>
         <size>0x5</size>
         <input_file_ref idref="fl-3"/>
      </object_component>
      <object_component id="oc-63a">
         <name>.cinit..data.load</name>
         <load_address>0x40b8</load_address>
         <run_address>0x40b8</run_address>
         <size>0x7a</size>
      </object_component>
      <object_component id="oc-637">
         <name>__TI_handler_table</name>
         <load_address>0x4134</load_address>
         <run_address>0x4134</run_address>
         <size>0xc</size>
      </object_component>
      <object_component id="oc-63b">
         <name>.cinit..bss.load</name>
         <load_address>0x4140</load_address>
         <run_address>0x4140</run_address>
         <size>0x8</size>
      </object_component>
      <object_component id="oc-639">
         <name>.cinit..vtable.load</name>
         <load_address>0x4148</load_address>
         <run_address>0x4148</run_address>
         <size>0x8</size>
      </object_component>
      <object_component id="oc-638">
         <name>__TI_cinit_table</name>
         <load_address>0x4150</load_address>
         <run_address>0x4150</run_address>
         <size>0x18</size>
      </object_component>
      <object_component id="oc-60b">
         <name>.binit</name>
         <load_address>0x0</load_address>
         <run_address>0x0</run_address>
         <size>0x0</size>
      </object_component>
      <object_component id="oc-481">
         <name>.vtable</name>
         <uninitialized>true</uninitialized>
         <run_address>0x20000000</run_address>
         <size>0xe8</size>
         <input_file_ref idref="fl-11"/>
      </object_component>
      <object_component id="oc-151">
         <name>.data:array</name>
         <load_address>0x200006bc</load_address>
         <run_address>0x200006bc</run_address>
         <size>0xa</size>
         <input_file_ref idref="fl-2"/>
      </object_component>
      <object_component id="oc-149">
         <name>.data</name>
         <load_address>0x200006d8</load_address>
         <run_address>0x200006d8</run_address>
         <size>0x6</size>
         <input_file_ref idref="fl-2"/>
      </object_component>
      <object_component id="oc-24e">
         <name>.data:$O1$$</name>
         <load_address>0x200006b0</load_address>
         <run_address>0x200006b0</run_address>
         <size>0xc</size>
         <input_file_ref idref="fl-e0"/>
      </object_component>
      <object_component id="oc-1c5">
         <name>.data:$O1$$</name>
         <load_address>0x200006c8</load_address>
         <run_address>0x200006c8</run_address>
         <size>0x8</size>
         <input_file_ref idref="fl-e1"/>
      </object_component>
      <object_component id="oc-1c8">
         <name>.data:_ftable</name>
         <load_address>0x200004e8</load_address>
         <run_address>0x200004e8</run_address>
         <size>0xf0</size>
         <input_file_ref idref="fl-e5"/>
      </object_component>
      <object_component id="oc-501">
         <name>.data</name>
         <load_address>0x200006a0</load_address>
         <run_address>0x200006a0</run_address>
         <size>0x10</size>
         <input_file_ref idref="fl-e5"/>
      </object_component>
      <object_component id="oc-5a2">
         <name>.data:$O1$$</name>
         <load_address>0x200006d0</load_address>
         <run_address>0x200006d0</run_address>
         <size>0x8</size>
         <input_file_ref idref="fl-e8"/>
      </object_component>
      <object_component id="oc-433">
         <name>.data</name>
         <load_address>0x200006e4</load_address>
         <run_address>0x200006e4</run_address>
         <size>0x4</size>
         <input_file_ref idref="fl-eb"/>
      </object_component>
      <object_component id="oc-36e">
         <name>.data:_device</name>
         <load_address>0x200005d8</load_address>
         <run_address>0x200005d8</run_address>
         <size>0x78</size>
         <input_file_ref idref="fl-ee"/>
      </object_component>
      <object_component id="oc-555">
         <name>.data:_stream</name>
         <load_address>0x20000650</load_address>
         <run_address>0x20000650</run_address>
         <size>0x50</size>
         <input_file_ref idref="fl-ee"/>
      </object_component>
      <object_component id="oc-59f">
         <name>.data</name>
         <load_address>0x200006e8</load_address>
         <run_address>0x200006e8</run_address>
         <size>0x4</size>
         <input_file_ref idref="fl-ef"/>
      </object_component>
      <object_component id="oc-36d">
         <name>.data</name>
         <load_address>0x200006e0</load_address>
         <run_address>0x200006e0</run_address>
         <size>0x4</size>
         <input_file_ref idref="fl-f0"/>
      </object_component>
      <object_component id="oc-5dc">
         <name>.bss:_CIOBUF_</name>
         <uninitialized>true</uninitialized>
         <run_address>0x200006ec</run_address>
         <size>0x120</size>
         <input_file_ref idref="fl-104"/>
      </object_component>
      <object_component id="oc-1f1">
         <name>.common:Timer</name>
         <uninitialized>true</uninitialized>
         <run_address>0x200008ac</run_address>
         <size>0x18</size>
      </object_component>
      <object_component id="oc-14c">
         <name>.common:pb</name>
         <uninitialized>true</uninitialized>
         <run_address>0x200008ce</run_address>
         <size>0x1</size>
      </object_component>
      <object_component id="oc-14f">
         <name>.common:bmp</name>
         <uninitialized>true</uninitialized>
         <run_address>0x200008cc</run_address>
         <size>0x1</size>
      </object_component>
      <object_component id="oc-150">
         <name>.common:bmp_num</name>
         <uninitialized>true</uninitialized>
         <run_address>0x200008cd</run_address>
         <size>0x1</size>
      </object_component>
      <object_component id="oc-4e1">
         <name>.common:__TI_tmpnams</name>
         <uninitialized>true</uninitialized>
         <run_address>0x2000080c</run_address>
         <size>0xa0</size>
      </object_component>
      <object_component id="oc-576">
         <name>.common:parmbuf</name>
         <uninitialized>true</uninitialized>
         <run_address>0x200008c4</run_address>
         <size>0x8</size>
      </object_component>
      <object_component id="oc-29">
         <name>.sysmem</name>
         <uninitialized>true</uninitialized>
         <run_address>0x200000e8</run_address>
         <size>0x10</size>
         <input_file_ref idref="fl-e8"/>
      </object_component>
      <object_component id="oc-63e">
         <name>.sysmem</name>
         <uninitialized>true</uninitialized>
         <run_address>0x200000e8</run_address>
         <size>0x0</size>
      </object_component>
      <object_component id="oc-2c">
         <name>.stack</name>
         <uninitialized>true</uninitialized>
         <run_address>0x2000fc00</run_address>
         <size>0x4</size>
         <input_file_ref idref="fl-ec"/>
      </object_component>
      <object_component id="oc-63d">
         <name>.stack</name>
         <uninitialized>true</uninitialized>
         <run_address>0x2000fc00</run_address>
         <size>0x0</size>
      </object_component>
      <object_component id="oc-14d">
         <name>.debug_info</name>
         <load_address>0x0</load_address>
         <run_address>0x0</run_address>
         <size>0x927</size>
         <input_file_ref idref="fl-2"/>
      </object_component>
      <object_component id="oc-152">
         <name>.debug_info</name>
         <load_address>0x927</load_address>
         <run_address>0x927</run_address>
         <size>0xb9</size>
         <input_file_ref idref="fl-2"/>
      </object_component>
      <object_component id="oc-14a">
         <name>.debug_info</name>
         <load_address>0x9e0</load_address>
         <run_address>0x9e0</run_address>
         <size>0x122</size>
         <input_file_ref idref="fl-2"/>
      </object_component>
      <object_component id="oc-a1">
         <name>.debug_info</name>
         <load_address>0xb02</load_address>
         <run_address>0xb02</run_address>
         <size>0x313</size>
         <input_file_ref idref="fl-2"/>
      </object_component>
      <object_component id="oc-e5">
         <name>.debug_info</name>
         <load_address>0xe15</load_address>
         <run_address>0xe15</run_address>
         <size>0x270</size>
         <input_file_ref idref="fl-2"/>
      </object_component>
      <object_component id="oc-fc">
         <name>.debug_info</name>
         <load_address>0x1085</load_address>
         <run_address>0x1085</run_address>
         <size>0x146</size>
         <input_file_ref idref="fl-2"/>
      </object_component>
      <object_component id="oc-f7">
         <name>.debug_info</name>
         <load_address>0x11cb</load_address>
         <run_address>0x11cb</run_address>
         <size>0x159</size>
         <input_file_ref idref="fl-2"/>
      </object_component>
      <object_component id="oc-11b">
         <name>.debug_info</name>
         <load_address>0x1324</load_address>
         <run_address>0x1324</run_address>
         <size>0x107</size>
         <input_file_ref idref="fl-2"/>
      </object_component>
      <object_component id="oc-21f">
         <name>.debug_info</name>
         <load_address>0x142b</load_address>
         <run_address>0x142b</run_address>
         <size>0x1a1</size>
         <input_file_ref idref="fl-2"/>
      </object_component>
      <object_component id="oc-132">
         <name>.debug_info</name>
         <load_address>0x15cc</load_address>
         <run_address>0x15cc</run_address>
         <size>0x1af</size>
         <input_file_ref idref="fl-2"/>
      </object_component>
      <object_component id="oc-1f3">
         <name>.debug_info</name>
         <load_address>0x177b</load_address>
         <run_address>0x177b</run_address>
         <size>0x10e</size>
         <input_file_ref idref="fl-2"/>
      </object_component>
      <object_component id="oc-109">
         <name>.debug_info</name>
         <load_address>0x1889</load_address>
         <run_address>0x1889</run_address>
         <size>0x10a</size>
         <input_file_ref idref="fl-2"/>
      </object_component>
      <object_component id="oc-226">
         <name>.debug_info</name>
         <load_address>0x1993</load_address>
         <run_address>0x1993</run_address>
         <size>0x132</size>
         <input_file_ref idref="fl-2"/>
      </object_component>
      <object_component id="oc-10f">
         <name>.debug_info</name>
         <load_address>0x1ac5</load_address>
         <run_address>0x1ac5</run_address>
         <size>0x140</size>
         <input_file_ref idref="fl-2"/>
      </object_component>
      <object_component id="oc-208">
         <name>.debug_info</name>
         <load_address>0x1c05</load_address>
         <run_address>0x1c05</run_address>
         <size>0x1c1</size>
         <input_file_ref idref="fl-2"/>
      </object_component>
      <object_component id="oc-ea">
         <name>.debug_info</name>
         <load_address>0x1dc6</load_address>
         <run_address>0x1dc6</run_address>
         <size>0x10d</size>
         <input_file_ref idref="fl-2"/>
      </object_component>
      <object_component id="oc-126">
         <name>.debug_info</name>
         <load_address>0x1ed3</load_address>
         <run_address>0x1ed3</run_address>
         <size>0x45e</size>
         <input_file_ref idref="fl-2"/>
      </object_component>
      <object_component id="oc-114">
         <name>.debug_info</name>
         <load_address>0x2331</load_address>
         <run_address>0x2331</run_address>
         <size>0x12f</size>
         <input_file_ref idref="fl-2"/>
      </object_component>
      <object_component id="oc-102">
         <name>.debug_info</name>
         <load_address>0x2460</load_address>
         <run_address>0x2460</run_address>
         <size>0x12b</size>
         <input_file_ref idref="fl-2"/>
      </object_component>
      <object_component id="oc-22b">
         <name>.debug_info</name>
         <load_address>0x258b</load_address>
         <run_address>0x258b</run_address>
         <size>0x10d</size>
         <input_file_ref idref="fl-2"/>
      </object_component>
      <object_component id="oc-138">
         <name>.debug_info</name>
         <load_address>0x2698</load_address>
         <run_address>0x2698</run_address>
         <size>0x19b</size>
         <input_file_ref idref="fl-2"/>
      </object_component>
      <object_component id="oc-13e">
         <name>.debug_info</name>
         <load_address>0x2833</load_address>
         <run_address>0x2833</run_address>
         <size>0x19b</size>
         <input_file_ref idref="fl-2"/>
      </object_component>
      <object_component id="oc-144">
         <name>.debug_info</name>
         <load_address>0x29ce</load_address>
         <run_address>0x29ce</run_address>
         <size>0x199</size>
         <input_file_ref idref="fl-2"/>
      </object_component>
      <object_component id="oc-bc">
         <name>.debug_info</name>
         <load_address>0x2b67</load_address>
         <run_address>0x2b67</run_address>
         <size>0x26b</size>
         <input_file_ref idref="fl-2"/>
      </object_component>
      <object_component id="oc-23c">
         <name>.debug_info</name>
         <load_address>0x2dd2</load_address>
         <run_address>0x2dd2</run_address>
         <size>0x1028</size>
         <input_file_ref idref="fl-2"/>
      </object_component>
      <object_component id="oc-237">
         <name>.debug_info</name>
         <load_address>0x3dfa</load_address>
         <run_address>0x3dfa</run_address>
         <size>0x37e2</size>
         <input_file_ref idref="fl-2"/>
      </object_component>
      <object_component id="oc-241">
         <name>.debug_info</name>
         <load_address>0x75dc</load_address>
         <run_address>0x75dc</run_address>
         <size>0x341</size>
         <input_file_ref idref="fl-2"/>
      </object_component>
      <object_component id="oc-35">
         <name>.debug_info</name>
         <load_address>0x791d</load_address>
         <run_address>0x791d</run_address>
         <size>0x84</size>
         <input_file_ref idref="fl-2"/>
      </object_component>
      <object_component id="oc-199">
         <name>.debug_info</name>
         <load_address>0x79a1</load_address>
         <run_address>0x79a1</run_address>
         <size>0x2a4</size>
         <input_file_ref idref="fl-2"/>
      </object_component>
      <object_component id="oc-246">
         <name>.debug_info</name>
         <load_address>0x7c45</load_address>
         <run_address>0x7c45</run_address>
         <size>0xef</size>
         <input_file_ref idref="fl-2"/>
      </object_component>
      <object_component id="oc-155">
         <name>.debug_info</name>
         <load_address>0x7d34</load_address>
         <run_address>0x7d34</run_address>
         <size>0xbb</size>
         <input_file_ref idref="fl-2"/>
      </object_component>
      <object_component id="oc-3c2">
         <name>.debug_info</name>
         <load_address>0x7def</load_address>
         <run_address>0x7def</run_address>
         <size>0xcc</size>
         <input_file_ref idref="fl-2"/>
      </object_component>
      <object_component id="oc-3a4">
         <name>.debug_info</name>
         <load_address>0x7ebb</load_address>
         <run_address>0x7ebb</run_address>
         <size>0x2c</size>
         <input_file_ref idref="fl-2"/>
      </object_component>
      <object_component id="oc-1d9">
         <name>.debug_info</name>
         <load_address>0x7ee7</load_address>
         <run_address>0x7ee7</run_address>
         <size>0x2c</size>
         <input_file_ref idref="fl-2"/>
      </object_component>
      <object_component id="oc-3b5">
         <name>.debug_info</name>
         <load_address>0x7f13</load_address>
         <run_address>0x7f13</run_address>
         <size>0x102</size>
         <input_file_ref idref="fl-2"/>
      </object_component>
      <object_component id="oc-2aa">
         <name>.debug_info</name>
         <load_address>0x8015</load_address>
         <run_address>0x8015</run_address>
         <size>0x75d</size>
         <input_file_ref idref="fl-3"/>
      </object_component>
      <object_component id="oc-27d">
         <name>.debug_info</name>
         <load_address>0x8772</load_address>
         <run_address>0x8772</run_address>
         <size>0xca</size>
         <input_file_ref idref="fl-3"/>
      </object_component>
      <object_component id="oc-3b2">
         <name>.debug_info</name>
         <load_address>0x883c</load_address>
         <run_address>0x883c</run_address>
         <size>0xca</size>
         <input_file_ref idref="fl-3"/>
      </object_component>
      <object_component id="oc-de">
         <name>.debug_info</name>
         <load_address>0x8906</load_address>
         <run_address>0x8906</run_address>
         <size>0x127</size>
         <input_file_ref idref="fl-3"/>
      </object_component>
      <object_component id="oc-19f">
         <name>.debug_info</name>
         <load_address>0x8a2d</load_address>
         <run_address>0x8a2d</run_address>
         <size>0x178</size>
         <input_file_ref idref="fl-3"/>
      </object_component>
      <object_component id="oc-29f">
         <name>.debug_info</name>
         <load_address>0x8ba5</load_address>
         <run_address>0x8ba5</run_address>
         <size>0x1be</size>
         <input_file_ref idref="fl-3"/>
      </object_component>
      <object_component id="oc-2a5">
         <name>.debug_info</name>
         <load_address>0x8d63</load_address>
         <run_address>0x8d63</run_address>
         <size>0x147</size>
         <input_file_ref idref="fl-3"/>
      </object_component>
      <object_component id="oc-280">
         <name>.debug_info</name>
         <load_address>0x8eaa</load_address>
         <run_address>0x8eaa</run_address>
         <size>0x197</size>
         <input_file_ref idref="fl-3"/>
      </object_component>
      <object_component id="oc-286">
         <name>.debug_info</name>
         <load_address>0x9041</load_address>
         <run_address>0x9041</run_address>
         <size>0x199</size>
         <input_file_ref idref="fl-3"/>
      </object_component>
      <object_component id="oc-28c">
         <name>.debug_info</name>
         <load_address>0x91da</load_address>
         <run_address>0x91da</run_address>
         <size>0x196</size>
         <input_file_ref idref="fl-3"/>
      </object_component>
      <object_component id="oc-292">
         <name>.debug_info</name>
         <load_address>0x9370</load_address>
         <run_address>0x9370</run_address>
         <size>0x13a</size>
         <input_file_ref idref="fl-3"/>
      </object_component>
      <object_component id="oc-298">
         <name>.debug_info</name>
         <load_address>0x94aa</load_address>
         <run_address>0x94aa</run_address>
         <size>0x17d</size>
         <input_file_ref idref="fl-3"/>
      </object_component>
      <object_component id="oc-3bd">
         <name>.debug_info</name>
         <load_address>0x9627</load_address>
         <run_address>0x9627</run_address>
         <size>0x37e2</size>
         <input_file_ref idref="fl-3"/>
      </object_component>
      <object_component id="oc-39d">
         <name>.debug_info</name>
         <load_address>0xce09</load_address>
         <run_address>0xce09</run_address>
         <size>0x8b</size>
         <input_file_ref idref="fl-3"/>
      </object_component>
      <object_component id="oc-78">
         <name>.debug_info</name>
         <load_address>0xce94</load_address>
         <run_address>0xce94</run_address>
         <size>0x2b9</size>
         <input_file_ref idref="fl-4"/>
      </object_component>
      <object_component id="oc-27">
         <name>.debug_info</name>
         <load_address>0xd14d</load_address>
         <run_address>0xd14d</run_address>
         <size>0xe5</size>
         <input_file_ref idref="fl-4"/>
      </object_component>
      <object_component id="oc-6c">
         <name>.debug_info</name>
         <load_address>0xd232</load_address>
         <run_address>0xd232</run_address>
         <size>0x148</size>
         <input_file_ref idref="fl-4"/>
      </object_component>
      <object_component id="oc-72">
         <name>.debug_info</name>
         <load_address>0xd37a</load_address>
         <run_address>0xd37a</run_address>
         <size>0x130</size>
         <input_file_ref idref="fl-4"/>
      </object_component>
      <object_component id="oc-b4">
         <name>.debug_info</name>
         <load_address>0xd4aa</load_address>
         <run_address>0xd4aa</run_address>
         <size>0x125</size>
         <input_file_ref idref="fl-5"/>
      </object_component>
      <object_component id="oc-3c9">
         <name>.debug_info</name>
         <load_address>0xd5cf</load_address>
         <run_address>0xd5cf</run_address>
         <size>0x701</size>
         <input_file_ref idref="fl-10"/>
      </object_component>
      <object_component id="oc-2ac">
         <name>.debug_info</name>
         <load_address>0xdcd0</load_address>
         <run_address>0xdcd0</run_address>
         <size>0x135</size>
         <input_file_ref idref="fl-10"/>
      </object_component>
      <object_component id="oc-1a6">
         <name>.debug_info</name>
         <load_address>0xde05</load_address>
         <run_address>0xde05</run_address>
         <size>0x252</size>
         <input_file_ref idref="fl-10"/>
      </object_component>
      <object_component id="oc-1ac">
         <name>.debug_info</name>
         <load_address>0xe057</load_address>
         <run_address>0xe057</run_address>
         <size>0x250</size>
         <input_file_ref idref="fl-10"/>
      </object_component>
      <object_component id="oc-1fa">
         <name>.debug_info</name>
         <load_address>0xe2a7</load_address>
         <run_address>0xe2a7</run_address>
         <size>0x25a</size>
         <input_file_ref idref="fl-10"/>
      </object_component>
      <object_component id="oc-1b8">
         <name>.debug_info</name>
         <load_address>0xe501</load_address>
         <run_address>0xe501</run_address>
         <size>0x258</size>
         <input_file_ref idref="fl-10"/>
      </object_component>
      <object_component id="oc-1b2">
         <name>.debug_info</name>
         <load_address>0xe759</load_address>
         <run_address>0xe759</run_address>
         <size>0x274</size>
         <input_file_ref idref="fl-10"/>
      </object_component>
      <object_component id="oc-1df">
         <name>.debug_info</name>
         <load_address>0xe9cd</load_address>
         <run_address>0xe9cd</run_address>
         <size>0x27e</size>
         <input_file_ref idref="fl-10"/>
      </object_component>
      <object_component id="oc-47c">
         <name>.debug_info</name>
         <load_address>0xec4b</load_address>
         <run_address>0xec4b</run_address>
         <size>0x26b</size>
         <input_file_ref idref="fl-10"/>
      </object_component>
      <object_component id="oc-472">
         <name>.debug_info</name>
         <load_address>0xeeb6</load_address>
         <run_address>0xeeb6</run_address>
         <size>0x1028</size>
         <input_file_ref idref="fl-10"/>
      </object_component>
      <object_component id="oc-46d">
         <name>.debug_info</name>
         <load_address>0xfede</load_address>
         <run_address>0xfede</run_address>
         <size>0x431a</size>
         <input_file_ref idref="fl-10"/>
      </object_component>
      <object_component id="oc-342">
         <name>.debug_info</name>
         <load_address>0x141f8</load_address>
         <run_address>0x141f8</run_address>
         <size>0x297</size>
         <input_file_ref idref="fl-10"/>
      </object_component>
      <object_component id="oc-218">
         <name>.debug_info</name>
         <load_address>0x1448f</load_address>
         <run_address>0x1448f</run_address>
         <size>0xef</size>
         <input_file_ref idref="fl-10"/>
      </object_component>
      <object_component id="oc-211">
         <name>.debug_info</name>
         <load_address>0x1457e</load_address>
         <run_address>0x1457e</run_address>
         <size>0xbb</size>
         <input_file_ref idref="fl-10"/>
      </object_component>
      <object_component id="oc-485">
         <name>.debug_info</name>
         <load_address>0x14639</load_address>
[...]
      <symbol id="sm-68f">
         <name>__aeabi_cdrcmple</name>
         <value>0x291b</value>
         <object_component_ref idref="oc-3e2"/>
      </symbol>
      <symbol id="sm-6a3">
         <name>__aeabi_ddiv</name>
         <value>0x183d</value>
         <object_component_ref idref="oc-3dd"/>
      </symbol>
      <symbol id="sm-6ae">
         <name>__aeabi_dmul</name>
         <value>0x1fe9</value>
         <object_component_ref idref="oc-3d8"/>
      </symbol>
      <symbol id="sm-6b8">
         <name>__aeabi_d2iz</name>
         <value>0x37f1</value>
         <object_component_ref idref="oc-3e7"/>
      </symbol>
      <symbol id="sm-6c2">
         <name>__aeabi_i2d</name>
         <value>0x3b69</value>
         <object_component_ref idref="oc-3f2"/>
      </symbol>
      <symbol id="sm-6dd">
         <name>memcpy</name>
         <value>0x263d</value>
         <object_component_ref idref="oc-3a"/>
      </symbol>
      <symbol id="sm-6de">
         <name>__aeabi_memcpy</name>
         <value>0x263d</value>
         <object_component_ref idref="oc-3a"/>
      </symbol>
      <symbol id="sm-6df">
         <name>__aeabi_memcpy8</name>
         <value>0x263d</value>
         <object_component_ref idref="oc-3a"/>
      </symbol>
      <symbol id="sm-6e0">
         <name>__aeabi_memcpy4</name>
         <value>0x263d</value>
         <object_component_ref idref="oc-3a"/>
      </symbol>
      <symbol id="sm-6ed">
         <name>__aeabi_uldivmod</name>
         <value>0x2771</value>
         <object_component_ref idref="oc-3d1"/>
      </symbol>
      <symbol id="sm-6fc">
         <name>__aeabi_memset</name>
         <value>0x2b27</value>
         <object_component_ref idref="oc-94"/>
      </symbol>
      <symbol id="sm-6fd">
         <name>memset</name>
         <value>0x2b2d</value>
         <object_component_ref idref="oc-94"/>
      </symbol>
      <symbol id="sm-6fe">
         <name>__aeabi_memset8</name>
         <value>0x2b27</value>
         <object_component_ref idref="oc-94"/>
      </symbol>
      <symbol id="sm-6ff">
         <name>__aeabi_memset4</name>
         <value>0x2b27</value>
         <object_component_ref idref="oc-94"/>
      </symbol>
      <symbol id="sm-700">
         <name>__aeabi_memclr8</name>
         <value>0x2b25</value>
         <object_component_ref idref="oc-94"/>
      </symbol>
      <symbol id="sm-701">
         <name>__aeabi_memclr4</name>
         <value>0x2b25</value>
         <object_component_ref idref="oc-94"/>
      </symbol>
      <symbol id="sm-702">
         <name>__aeabi_memclr</name>
         <value>0x2b25</value>
         <object_component_ref idref="oc-94"/>
      </symbol>
      <symbol id="sm-716">
         <name>__TI_zero_init_nomemset</name>
         <value>0x3d21</value>
         <object_component_ref idref="oc-46"/>
      </symbol>
      <symbol id="sm-72d">
         <name>__TI_decompress_none</name>
         <value>0x3ee1</value>
         <object_component_ref idref="oc-1d"/>
      </symbol>
      <symbol id="sm-750">
         <name>__TI_decompress_lzss</name>
         <value>0x2f19</value>
         <object_component_ref idref="oc-17"/>
      </symbol>
      <symbol id="sm-776">
         <name>C$$EXIT</name>
         <value>0x3f45</value>
         <object_component_ref idref="oc-15a"/>
      </symbol>
      <symbol id="sm-777">
         <name>abort</name>
         <value>0x3f45</value>
         <object_component_ref idref="oc-15a"/>
      </symbol>
      <symbol id="sm-778">
         <name>__TI_dtors_ptr</name>
         <value>0x200006b4</value>
         <object_component_ref idref="oc-24e"/>
      </symbol>
      <symbol id="sm-779">
         <name>__TI_cleanup_ptr</name>
         <value>0x200006b0</value>
         <object_component_ref idref="oc-24e"/>
      </symbol>
      <symbol id="sm-77a">
         <name>__TI_enable_exit_profile_output</name>
         <value>0x200006b8</value>
         <object_component_ref idref="oc-24e"/>
      </symbol>
      <symbol id="sm-77b">
         <name>exit</name>
         <value>0x37a9</value>
         <object_component_ref idref="oc-160"/>
      </symbol>
      <symbol id="sm-790">
         <name>_nop</name>
         <value>0x1973</value>
         <object_component_ref idref="oc-2ff"/>
      </symbol>
      <symbol id="sm-791">
         <name>_lock</name>
         <value>0x200006c8</value>
         <object_component_ref idref="oc-1c5"/>
      </symbol>
      <symbol id="sm-792">
         <name>_unlock</name>
         <value>0x200006cc</value>
         <object_component_ref idref="oc-1c5"/>
      </symbol>
      <symbol id="sm-7a1">
         <name>__TI_ltoa</name>
         <value>0x343d</value>
         <object_component_ref idref="oc-3ec"/>
      </symbol>
      <symbol id="sm-7b7">
         <name>atoi</name>
         <value>0x36c9</value>
         <object_component_ref idref="oc-2b8"/>
      </symbol>
      <symbol id="sm-7c2">
         <name>_ctypes_</name>
         <value>0x3f48</value>
         <object_component_ref idref="oc-3cc"/>
      </symbol>
      <symbol id="sm-7d7">
         <name>__TI_tmpnams</name>
         <value>0x2000080c</value>
      </symbol>
      <symbol id="sm-7d8">
         <name>__aeabi_stdout</name>
         <value>0x200006a8</value>
         <object_component_ref idref="oc-501"/>
      </symbol>
      <symbol id="sm-7d9">
         <name>__aeabi_stderr</name>
         <value>0x200006ac</value>
         <object_component_ref idref="oc-501"/>
      </symbol>
      <symbol id="sm-7da">
         <name>__aeabi_stdin</name>
         <value>0x200006a4</value>
         <object_component_ref idref="oc-501"/>
      </symbol>
      <symbol id="sm-7db">
         <name>_ftable</name>
         <value>0x200004e8</value>
         <object_component_ref idref="oc-1c8"/>
      </symbol>
      <symbol id="sm-7dc">
         <name>__TI_ft_end</name>
         <value>0x200006a0</value>
         <object_component_ref idref="oc-501"/>
      </symbol>
      <symbol id="sm-7ec">
         <name>memccpy</name>
         <value>0x3d59</value>
         <object_component_ref idref="oc-2e1"/>
      </symbol>
      <symbol id="sm-7fc">
         <name>memchr</name>
         <value>0x3ce5</value>
         <object_component_ref idref="oc-454"/>
      </symbol>
      <symbol id="sm-880">
         <name>_sys_memory</name>
         <value>0x200000e8</value>
         <object_component_ref idref="oc-29"/>
      </symbol>
      <symbol id="sm-881">
         <name>free</name>
         <value>0x20e5</value>
         <object_component_ref idref="oc-381"/>
      </symbol>
      <symbol id="sm-882">
         <name>memalign</name>
         <value>0x1ee9</value>
         <object_component_ref idref="oc-4fa"/>
      </symbol>
      <symbol id="sm-883">
         <name>malloc</name>
         <value>0x3f31</value>
         <object_component_ref idref="oc-387"/>
      </symbol>
      <symbol id="sm-884">
         <name>aligned_alloc</name>
         <value>0x1ee9</value>
         <object_component_ref idref="oc-4fa"/>
      </symbol>
      <symbol id="sm-894">
         <name>strchr</name>
         <value>0x3e1d</value>
         <object_component_ref idref="oc-423"/>
      </symbol>
      <symbol id="sm-8a2">
         <name>strlen</name>
         <value>0x3e99</value>
         <object_component_ref idref="oc-2b2"/>
      </symbol>
      <symbol id="sm-8b8">
         <name>__aeabi_errno_addr</name>
         <value>0x3f29</value>
         <object_component_ref idref="oc-2ed"/>
      </symbol>
      <symbol id="sm-8b9">
         <name>errno</name>
         <value>0x200006e4</value>
         <object_component_ref idref="oc-433"/>
      </symbol>
      <symbol id="sm-8cc">
         <name>__stack</name>
         <value>0x2000fc00</value>
         <object_component_ref idref="oc-2c"/>
      </symbol>
      <symbol id="sm-8cd">
         <name>_c_int00_noargs</name>
         <value>0x3aa1</value>
         <object_component_ref idref="oc-58"/>
      </symbol>
      <symbol id="sm-8e2">
         <name>write</name>
         <value>0x3cbd</value>
         <object_component_ref idref="oc-460"/>
      </symbol>
      <symbol id="sm-8f3">
         <name>_stream</name>
         <value>0x20000650</value>
         <object_component_ref idref="oc-555"/>
      </symbol>
      <symbol id="sm-8f4">
         <name>_device</name>
         <value>0x200005d8</value>
         <object_component_ref idref="oc-36e"/>
      </symbol>
      <symbol id="sm-911">
         <name>open</name>
         <value>0x2379</value>
         <object_component_ref idref="oc-4e4"/>
      </symbol>
      <symbol id="sm-931">
         <name>add_device</name>
         <value>0x2435</value>
         <object_component_ref idref="oc-26a"/>
      </symbol>
      <symbol id="sm-946">
         <name>__TI_closefile</name>
         <value>0x2c19</value>
         <object_component_ref idref="oc-373"/>
      </symbol>
      <symbol id="sm-956">
         <name>__TI_doflush</name>
         <value>0x367d</value>
         <object_component_ref idref="oc-45a"/>
      </symbol>
      <symbol id="sm-968">
         <name>fseek</name>
         <value>0x304d</value>
         <object_component_ref idref="oc-54a"/>
      </symbol>
      <symbol id="sm-986">
         <name>finddevice</name>
         <value>0x3b39</value>
         <object_component_ref idref="oc-361"/>
      </symbol>
      <symbol id="sm-987">
         <name>getdevice</name>
         <value>0x3905</value>
         <object_component_ref idref="oc-595"/>
      </symbol>
      <symbol id="sm-991">
         <name>copysign</name>
         <value>0x3d75</value>
         <object_component_ref idref="oc-52e"/>
      </symbol>
      <symbol id="sm-992">
         <name>copysignl</name>
         <value>0x3d75</value>
         <object_component_ref idref="oc-52e"/>
      </symbol>
      <symbol id="sm-99c">
         <name>__aeabi_idiv0</name>
         <value>0x2377</value>
         <object_component_ref idref="oc-515"/>
      </symbol>
      <symbol id="sm-99d">
         <name>__aeabi_ldiv0</name>
         <value>0x2377</value>
         <object_component_ref idref="oc-515"/>
      </symbol>
      <symbol id="sm-9c5">
         <name>__TI_auto_init_nobinit_nopinit</name>
         <value>0x38c1</value>
         <object_component_ref idref="oc-166"/>
      </symbol>
      <symbol id="sm-9cf">
         <name>_system_pre_init</name>
         <value>0x3f41</value>
         <object_component_ref idref="oc-9a"/>
      </symbol>
      <symbol id="sm-9e0">
         <name>strcmp</name>
         <value>0x3dd9</value>
         <object_component_ref idref="oc-497"/>
      </symbol>
      <symbol id="sm-9f0">
         <name>strncpy</name>
         <value>0x3a01</value>
         <object_component_ref idref="oc-367"/>
      </symbol>
      <symbol id="sm-a01">
         <name>HOSTclose</name>
         <value>0x3839</value>
         <object_component_ref idref="oc-4a7"/>
      </symbol>
      <symbol id="sm-a12">
         <name>HOSTlseek</name>
         <value>0x2e49</value>
         <object_component_ref idref="oc-4b9"/>
      </symbol>
      <symbol id="sm-a24">
         <name>parmbuf</name>
         <value>0x200008c4</value>
      </symbol>
      <symbol id="sm-a25">
         <name>HOSTopen</name>
         <value>0x3115</value>
         <object_component_ref idref="oc-4a1"/>
      </symbol>
      <symbol id="sm-a36">
         <name>HOSTread</name>
         <value>0x32e1</value>
         <object_component_ref idref="oc-4ad"/>
      </symbol>
      <symbol id="sm-a47">
         <name>HOSTrename</name>
         <value>0x2ddd</value>
         <object_component_ref idref="oc-4c5"/>
      </symbol>
      <symbol id="sm-a58">
         <name>HOSTunlink</name>
         <value>0x387d</value>
         <object_component_ref idref="oc-4bf"/>
      </symbol>
      <symbol id="sm-a69">
         <name>HOSTwrite</name>
         <value>0x3339</value>
         <object_component_ref idref="oc-4b3"/>
      </symbol>
      <symbol id="sm-a8d">
         <name>__TI_readmsg</name>
         <value>0x3a6d</value>
         <object_component_ref idref="oc-570"/>
      </symbol>
      <symbol id="sm-a8e">
         <name>C$$IO$$</name>
         <value>0x39f7</value>
         <object_component_ref idref="oc-56a"/>
      </symbol>
      <symbol id="sm-a8f">
         <name>__CIOBUF_</name>
         <value>0x200006ec</value>
         <object_component_ref idref="oc-5dc"/>
      </symbol>
      <symbol id="sm-a90">
         <name>__TI_writemsg</name>
         <value>0x39c9</value>
         <object_component_ref idref="oc-56a"/>
      </symbol>
      <symbol id="sm-aa1">
         <name>lseek</name>
         <value>0x3c95</value>
         <object_component_ref idref="oc-5ca"/>
      </symbol>
      <symbol id="sm-ab5">
         <name>close</name>
         <value>0x322d</value>
         <object_component_ref idref="oc-4d5"/>
      </symbol>
      <symbol id="sm-ac3">
         <name>strcpy</name>
         <value>0x3e85</value>
         <object_component_ref idref="oc-584"/>
      </symbol>
      <symbol id="sm-ad3">
         <name>unlink</name>
         <value>0x3bc5</value>
         <object_component_ref idref="oc-4db"/>
      </symbol>
      <symbol id="sm-ad4">
         <name>__TI_static_base__</name>
         <value>0x0</value>
      </symbol>
      <symbol id="sm-ad7">
         <name>__mpu_init</name>
         <value>0x0</value>
      </symbol>
      <symbol id="sm-ad8">
         <name>_system_post_cinit</name>
         <value>0x0</value>
      </symbol>
      <symbol id="sm-ad9">
         <name>NMI_Handler</name>
         <value>0x15bb</value>
      </symbol>
      <symbol id="sm-ada">
         <name>HardFault_Handler</name>
         <value>0x15bb</value>
      </symbol>
      <symbol id="sm-adb">
         <name>MemManage_Handler</name>
         <value>0x15bb</value>
      </symbol>
      <symbol id="sm-adc">
         <name>BusFault_Handler</name>
         <value>0x15bb</value>
      </symbol>
      <symbol id="sm-add">
         <name>UsageFault_Handler</name>
         <value>0x15bb</value>
      </symbol>
      <symbol id="sm-ade">
         <name>SVC_Handler</name>
         <value>0x15bb</value>
      </symbol>
      <symbol id="sm-adf">
         <name>DebugMon_Handler</name>
         <value>0x15bb</value>
      </symbol>
      <symbol id="sm-ae0">
         <name>PendSV_Handler</name>
         <value>0x15bb</value>
      </symbol>
      <symbol id="sm-ae1">
         <name>SysTick_Handler</name>
         <value>0x15bb</value>
      </symbol>
      <symbol id="sm-ae2">
         <name>PSS_IRQHandler</name>
         <value>0x15bb</value>
      </symbol>
      <symbol id="sm-ae3">
         <name>CS_IRQHandler</name>
         <value>0x15bb</value>
      </symbol>
      <symbol id="sm-ae4">
         <name>PCM_IRQHandler</name>
         <value>0x15bb</value>
      </symbol>
      <symbol id="sm-ae5">
         <name>WDT_A_IRQHandler</name>
         <value>0x15bb</value>
      </symbol>
      <symbol id="sm-ae6">
         <name>FPU_IRQHandler</name>
         <value>0x15bb</value>
      </symbol>
      <symbol id="sm-ae7">
         <name>FLCTL_IRQHandler</name>
         <value>0x15bb</value>
      </symbol>
      <symbol id="sm-ae8">
         <name>COMP_E0_IRQHandler</name>
         <value>0x15bb</value>
      </symbol>
      <symbol id="sm-ae9">
         <name>COMP_E1_IRQHandler</name>
         <value>0x15bb</value>
      </symbol>
      <symbol id="sm-aea">
         <name>TA0_0_IRQHandler</name>
         <value>0x15bb</value>
      </symbol>
      <symbol id="sm-aeb">
         <name>TA0_N_IRQHandler</name>
         <value>0x15bb</value>
      </symbol>
      <symbol id="sm-aec">
         <name>TA1_0_IRQHandler</name>
         <value>0x15bb</value>
      </symbol>
      <symbol id="sm-aed">
         <name>TA1_N_IRQHandler</name>
         <value>0x15bb</value>
      </symbol>
      <symbol id="sm-aee">
         <name>TA2_0_IRQHandler</name>
         <value>0x15bb</value>
      </symbol>
      <symbol id="sm-aef">
         <name>TA2_N_IRQHandler</name>
         <value>0x15bb</value>
      </symbol>
      <symbol id="sm-af0">
         <name>TA3_0_IRQHandler</name>
         <value>0x15bb</value>
      </symbol>
      <symbol id="sm-af1">
         <name>TA3_N_IRQHandler</name>
         <value>0x15bb</value>
      </symbol>
      <symbol id="sm-af2">
         <name>EUSCIA0_IRQHandler</name>
         <value>0x15bb</value>
      </symbol>
      <symbol id="sm-af3">
         <name>EUSCIA1_IRQHandler</name>
         <value>0x15bb</value>
      </symbol>
      <symbol id="sm-af4">
         <name>EUSCIA2_IRQHandler</name>
         <value>0x15bb</value>
      </symbol>
      <symbol id="sm-af5">
         <name>EUSCIA3_IRQHandler</name>
         <value>0x15bb</value>
      </symbol>
      <symbol id="sm-af6">
         <name>EUSCIB0_IRQHandler</name>
         <value>0x15bb</value>
      </symbol>
      <symbol id="sm-af7">
         <name>EUSCIB1_IRQHandler</name>
         <value>0x15bb</value>
      </symbol>
      <symbol id="sm-af8">
         <name>EUSCIB2_IRQHandler</name>
         <value>0x15bb</value>
      </symbol>
      <symbol id="sm-af9">
         <name>EUSCIB3_IRQHandler</name>
         <value>0x15bb</value>
      </symbol>
      <symbol id="sm-afa">
         <name>ADC14_IRQHandler</name>
         <value>0x15bb</value>
      </symbol>
      <symbol id="sm-afb">
         <name>T32_INT1_IRQHandler</name>
         <value>0x15bb</value>
      </symbol>
      <symbol id="sm-afc">
         <name>T32_INT2_IRQHandler</name>
         <value>0x15bb</value>
      </symbol>
      <symbol id="sm-afd">
         <name>T32_INTC_IRQHandler</name>
         <value>0x15bb</value>
      </symbol>
      <symbol id="sm-afe">
         <name>AES256_IRQHandler</name>
         <value>0x15bb</value>
      </symbol>
      <symbol id="sm-aff">
         <name>RTC_C_IRQHandler</name>
         <value>0x15bb</value>
      </symbol>
      <symbol id="sm-b00">
         <name>DMA_ERR_IRQHandler</name>
         <value>0x15bb</value>
      </symbol>
      <symbol id="sm-b01">
         <name>DMA_INT3_IRQHandler</name>
         <value>0x15bb</value>
      </symbol>
      <symbol id="sm-b02">
         <name>DMA_INT2_IRQHandler</name>
         <value>0x15bb</value>
      </symbol>
      <symbol id="sm-b03">
         <name>DMA_INT1_IRQHandler</name>
         <value>0x15bb</value>
      </symbol>
      <symbol id="sm-b04">
         <name>DMA_INT0_IRQHandler</name>
         <value>0x15bb</value>
      </symbol>
      <symbol id="sm-b05">
         <name>PORT1_IRQHandler</name>
         <value>0x15bb</value>
      </symbol>
      <symbol id="sm-b06">
         <name>PORT2_IRQHandler</name>
         <value>0x15bb</value>
      </symbol>
      <symbol id="sm-b07">
         <name>PORT3_IRQHandler</name>
         <value>0x15bb</value>
      </symbol>
      <symbol id="sm-b08">
         <name>PORT4_IRQHandler</name>
         <value>0x15bb</value>
      </symbol>
      <symbol id="sm-b09">
         <name>PORT5_IRQHandler</name>
         <value>0x15bb</value>
      </symbol>
      <symbol id="sm-b0a">
         <name>PORT6_IRQHandler</name>
         <value>0x15bb</value>
      </symbol>
      <symbol id="sm-b0b">
         <name>remove</name>
         <value>0x3bc5</value>
      </symbol>
   </symbol_table>
   <title>Link successful</title>
</link_info>
