******************************************************************************
                  TI ARM Linker PC v20.2.5                     
******************************************************************************
>> Linked Mon Apr 18 12:58:46 2022

OUTPUT FILE NAME:   <lab-2.out>
ENTRY POINT SYMBOL: "_c_int00_noargs"  address: 00003aa1


MEMORY CONFIGURATION

         name            origin    length      used     unused   attr    fill
----------------------  --------  ---------  --------  --------  ----  --------
  MAIN                  00000000   00040000  00004161  0003be9f  R  X
  INFO                  00200000   00004000  00000000  00004000  R  X
  SRAM_CODE             01000000   00010000  00000ccf  0000f331  RW X
  SRAM_DATA             20000000   00010000  00000ccf  0000f331  RW  


SEGMENT ALLOCATION MAP

run origin  load origin   length   init length attrs members
----------  ----------- ---------- ----------- ----- -------
00000000    00000000    00004168   00004168    r-x
  00000000    00000000    000000e4   000000e4    r-- .intvecs
  000000e4    000000e4    00003e64   00003e64    r-x .text
  00003f48    00003f48    00000169   00000169    r-- .const
  000040b8    000040b8    000000b0   000000b0    r-- .cinit
20000000    20000000    000008cf   00000000    rw-
  20000000    20000000    000000e8   00000000    rw- .vtable
  200000e8    200000e8    00000400   00000000    rw- .sysmem
  200004e8    200004e8    00000204   00000000    rw- .data
  200006ec    200006ec    000001e3   00000000    rw- .bss
2000fc00    2000fc00    00000400   00000000    rw-
  2000fc00    2000fc00    00000400   00000000    rw- .stack


SECTION ALLOCATION MAP

 output                                  attributes/
section   page    origin      length       input sections
--------  ----  ----------  ----------   ----------------
.intvecs   0    00000000    000000e4     
                  00000000    000000e4     startup_msp432p401r_ccs.obj (.intvecs:retain)

.text      0    000000e4    00003e64     
                  000000e4    00000a4e     rtsv7M4_T_le_v4SPD16_eabi.lib : _printfi.c.obj (.text:__TI_printfi)
                  00000b32    0000027e     lab-2.obj (.text:RGB_control)
                  00000db0    00000270     rtsv7M4_T_le_v4SPD16_eabi.lib : _printfi.c.obj (.text:_pconv_a)
                  00001020    00000214     lab-2.obj (.text:main)
                  00001234    000001d0     rtsv7M4_T_le_v4SPD16_eabi.lib : _printfi.c.obj (.text:_pconv_g)
                  00001404    000001b6                                   : fd_add_t2.asm.obj (.text)
                  000015ba    00000002     startup_msp432p401r_ccs.obj (.text:Default_Handler)
                  000015bc    00000144     msp432p4xx_driverlib.lib : timer_a.o (.text:privateTimer_AProcessClockSourceDivider)
                  00001700    0000013c     rtsv7M4_T_le_v4SPD16_eabi.lib : _printfi.c.obj (.text:_pconv_e)
                  0000183c    00000136                                   : fd_div_t2.asm.obj (.text)
                  00001972    00000002                                   : _lock.c.obj (.text:_nop)
                  00001974    00000124                                   : _printfi.c.obj (.text:fcvt)
                  00001a98    0000011c     msp432p4xx_driverlib.lib : uart.o (.text:UART_initModule)
                  00001bb4    00000114     rtsv7M4_T_le_v4SPD16_eabi.lib : fputs.c.obj (.text:fputs)
                  00001cc8    00000110                                   : fopen.c.obj (.text:_openfile)
                  00001dd8    00000110                                   : s_scalbn.c.obj (.text:scalbn)
                  00001ee8    00000100                                   : memory.c.obj (.text:aligned_alloc)
                  00001fe8    000000fc                                   : fd_mul_t2.asm.obj (.text)
                  000020e4    000000e4                                   : memory.c.obj (.text:free)
                  000021c8    000000dc                                   : setvbuf.c.obj (.text:setvbuf)
                  000022a4    000000d2     msp432p4xx_driverlib.lib : timer_a.o (.text:Timer_A_registerInterrupt)
                  00002376    00000002     rtsv7M4_T_le_v4SPD16_eabi.lib : div0.asm.obj (.text)
                  00002378    000000bc                                   : open.c.obj (.text:open)
                  00002434    000000b8                                   : add_device.c.obj (.text:add_device)
                  000024ec    000000b1                                   : _printfi.c.obj (.text:_ltostr)
                  0000259d    00000003     --HOLE-- [fill = 0]
                  000025a0    0000009c     engr2350_msp432.obj (.text:init_std_uart)
                  0000263c    0000009c     rtsv7M4_T_le_v4SPD16_eabi.lib : memcpy_t2.asm.obj (.text)
                  000026d8    00000098     system_msp432p401r.obj (.text:SystemInit)
                  00002770    00000096     rtsv7M4_T_le_v4SPD16_eabi.lib : ull_div_t2.asm.obj (.text)
                  00002806    00000002     --HOLE-- [fill = 0]
                  00002808    0000008c                                   : fputc.c.obj (.text:fputc)
                  00002894    00000086                                   : fd_cmp_t2.asm.obj (.text:__aeabi_cdcmple)
                  0000291a    00000086                                   : fd_cmp_t2.asm.obj (.text:__aeabi_cdrcmple)
                  000029a0    00000084     lab-2.obj (.text:get_bmp_num)
                  00002a24    00000080     msp432p4xx_driverlib.lib : interrupt.o (.text:Interrupt_enableInterrupt)
                  00002aa4    00000080     engr2350_msp432.obj (.text:dopen)
                  00002b24    0000007a     rtsv7M4_T_le_v4SPD16_eabi.lib : memset_t2.asm.obj (.text)
                  00002b9e    00000002     --HOLE-- [fill = 0]
                  00002ba0    00000078     lab-2.obj (.text:RGB_display)
                  00002c18    00000074     rtsv7M4_T_le_v4SPD16_eabi.lib : fclose.c.obj (.text:__TI_closefile)
                  00002c8c    00000070     lab-2.obj (.text:RGB_array)
                  00002cfc    00000070     rtsv7M4_T_le_v4SPD16_eabi.lib : memory.c.obj (.text:split)
                  00002d6c    0000006e                                   : _printfi.c.obj (.text:_mcpy)
                  00002dda    00000002     --HOLE-- [fill = 0]
                  00002ddc    0000006c                                   : hostrename.c.obj (.text:HOSTrename)
                  00002e48    00000068                                   : hostlseek.c.obj (.text:HOSTlseek)
                  00002eb0    00000068     msp432p4xx_driverlib.lib : timer_a.o (.text:Timer_A_configureUpMode)
                  00002f18    00000068     rtsv7M4_T_le_v4SPD16_eabi.lib : copy_decompress_lzss.c.obj (.text:decompress:lzss:__TI_decompress_lzss)
                  00002f80    00000068                                   : printf.c.obj (.text:printf)
                  00002fe8    00000064                                   : s_frexp.c.obj (.text:frexp)
                  0000304c    00000064                                   : fseek.c.obj (.text:fseek)
                  000030b0    00000062                                   : _io_perm.c.obj (.text:__TI_wrt_ok)
                  00003112    00000002     --HOLE-- [fill = 0]
                  00003114    00000060                                   : hostopen.c.obj (.text:HOSTopen)
                  00003174    0000005c     lab-2.obj (.text:GPIOInit)
                  000031d0    0000005c     msp432p4xx_driverlib.lib : interrupt.o (.text:Interrupt_registerInterrupt)
                  0000322c    0000005c     rtsv7M4_T_le_v4SPD16_eabi.lib : close.c.obj (.text:close)
                  00003288    00000058     msp432p4xx_driverlib.lib : gpio.o (.text:GPIO_setAsInputPinWithPullUpResistor)
                  000032e0    00000058     rtsv7M4_T_le_v4SPD16_eabi.lib : hostread.c.obj (.text:HOSTread)
                  00003338    00000058                                   : hostwrite.c.obj (.text:HOSTwrite)
                  00003390    00000056                                   : _printfi.c.obj (.text:_pconv_f)
                  000033e6    00000002     --HOLE-- [fill = 0]
                  000033e8    00000054     lab-2.obj (.text:TimerInit)
                  0000343c    00000054     rtsv7M4_T_le_v4SPD16_eabi.lib : _ltoa.c.obj (.text:__TI_ltoa)
                  00003490    00000054     engr2350_msp432.obj (.text:dread)
                  000034e4    00000054     lab-2.obj (.text:incorrect)
                  00003538    00000054     lab-2.obj (.text:over_time)
                  0000358c    00000052     rtsv7M4_T_le_v4SPD16_eabi.lib : _printfi.c.obj (.text:_ecpy)
                  000035de    00000002     --HOLE-- [fill = 0]
                  000035e0    00000050     lab-2.obj (.text:you_win)
                  00003630    0000004c     msp432p4xx_driverlib.lib : gpio.o (.text:GPIO_setAsInputPin)
                  0000367c    0000004c     rtsv7M4_T_le_v4SPD16_eabi.lib : fflush.c.obj (.text:__TI_doflush)
                  000036c8    0000004c                                   : atoi.c.obj (.text:atoi)
                  00003714    0000004c     lab-2.obj (.text:check_bmp_press)
                  00003760    00000048     engr2350_msp432.obj (.text:dwrite)
                  000037a8    00000048     rtsv7M4_T_le_v4SPD16_eabi.lib : exit.c.obj (.text:exit)
                  000037f0    00000048                                   : fd_toi_t2.asm.obj (.text)
                  00003838    00000044                                   : hostclose.c.obj (.text:HOSTclose)
                  0000387c    00000044                                   : hostunlink.c.obj (.text:HOSTunlink)
                  000038c0    00000044                                   : autoinit.c.obj (.text:__TI_auto_init_nobinit_nopinit:__TI_auto_init_nobinit_nopinit)
                  00003904    00000044                                   : getdevice.c.obj (.text:getdevice)
                  00003948    00000040     msp432p4xx_driverlib.lib : gpio.o (.text:GPIO_setAsOutputPin)
                  00003988    0000003e     rtsv7M4_T_le_v4SPD16_eabi.lib : _printfi.c.obj (.text:_fcpy)
                  000039c6    00000002     --HOLE-- [fill = 0]
                  000039c8    00000038                                   : trgmsg.c.obj (.text:__TI_writemsg)
                  00003a00    00000036                                   : strncpy.c.obj (.text:strncpy)
                  00003a36    00000002     --HOLE-- [fill = 0]
                  00003a38    00000034                                   : fopen.c.obj (.text:__TI_cleanup)
                  00003a6c    00000034                                   : trgmsg.c.obj (.text:__TI_readmsg)
                  00003aa0    00000034                                   : boot_cortex_m.c.obj (.text:_c_int00_noargs:_c_int00_noargs)
                  00003ad4    00000034                                   : fopen.c.obj (.text:freopen)
                  00003b08    00000030     msp432p4xx_driverlib.lib : gpio.o (.text:GPIO_getInputPinValue)
                  00003b38    00000030     rtsv7M4_T_le_v4SPD16_eabi.lib : getdevice.c.obj (.text:finddevice)
                  00003b68    0000002e                                   : i_tofd_t2.asm.obj (.text)
                  00003b96    00000002     --HOLE-- [fill = 0]
                  00003b98    0000002c     lab-2.obj (.text:Timer_delay)
                  00003bc4    0000002c     rtsv7M4_T_le_v4SPD16_eabi.lib : unlink.c.obj (.text:unlink)
                  00003bf0    0000002a     lab-2.obj (.text:Game_starting_logic)
                  00003c1a    00000002     --HOLE-- [fill = 0]
                  00003c1c    00000028     msp432p4xx_driverlib.lib : gpio.o (.text:GPIO_setOutputHighOnPin)
                  00003c44    00000028                              : gpio.o (.text:GPIO_setOutputLowOnPin)
                  00003c6c    00000028     rtsv7M4_T_le_v4SPD16_eabi.lib : memory.c.obj (.text:free_list_insert)
                  00003c94    00000028                                   : lseek.c.obj (.text:lseek)
                  00003cbc    00000028                                   : write.c.obj (.text:write)
                  00003ce4    00000020                                   : memchr.c.obj (.text:memchr)
                  00003d04    0000001c     engr2350_msp432.obj (.text:dclose)
                  00003d20    0000001c     rtsv7M4_T_le_v4SPD16_eabi.lib : copy_zero_init.c.obj (.text:decompress:ZI:__TI_zero_init_nomemset:__TI_zero_init_nomemset)
                  00003d3c    0000001c                                   : memory.c.obj (.text:free_list_remove)
                  00003d58    0000001c                                   : memccpy.c.obj (.text:memccpy)
                  00003d74    0000001a                                   : s_copysign.c.obj (.text:copysign)
                  00003d8e    00000002     --HOLE-- [fill = 0]
                  00003d90    00000018     msp432p4xx_driverlib.lib : timer_a.o (.text:Timer_A_clearTimer)
                  00003da8    00000018     lab-2.obj (.text:Timer_ISR)
                  00003dc0    00000018     lab-2.obj (.text:Timer_reset)
                  00003dd8    00000018     rtsv7M4_T_le_v4SPD16_eabi.lib : strcmp.c.obj (.text:strcmp)
                  00003df0    00000016     msp432p4xx_driverlib.lib : timer_a.o (.text:Timer_A_clearInterruptFlag)
                  00003e06    00000016                              : timer_a.o (.text:Timer_A_startCounter)
                  00003e1c    00000016     rtsv7M4_T_le_v4SPD16_eabi.lib : strchr.c.obj (.text:strchr)
                  00003e32    00000014     lab-2.obj (.text:BiLed_green)
                  00003e46    00000014     lab-2.obj (.text:BiLed_red)
                  00003e5a    00000014     msp432p4xx_driverlib.lib : timer_a.o (.text:Timer_A_stopTimer)
                  00003e6e    00000002     --HOLE-- [fill = 0]
                  00003e70    00000014     lab-2.obj (.text:check_pb)
                  00003e84    00000014     rtsv7M4_T_le_v4SPD16_eabi.lib : strcpy.c.obj (.text:strcpy)
                  00003e98    00000014                                   : strlen.c.obj (.text:strlen)
                  00003eac    00000012     engr2350_msp432.obj (.text:dlseek)
                  00003ebe    00000012     rtsv7M4_T_le_v4SPD16_eabi.lib : wcslen.c.obj (.text:wcslen)
                  00003ed0    00000010     engr2350_msp432.obj (.text:drename)
                  00003ee0    0000000e     rtsv7M4_T_le_v4SPD16_eabi.lib : copy_decompress_none.c.obj (.text:decompress:none:__TI_decompress_none)
                  00003eee    0000000e     engr2350_msp432.obj (.text:dunlink)
                  00003efc    0000000c     lab-2.obj (.text:BiLed_off)
                  00003f08    0000000c     lab-2.obj (.text:RGB_reset)
                  00003f14    0000000c     startup_msp432p401r_ccs.obj (.text:Reset_Handler)
                  00003f20    00000008     engr2350_msp432.obj (.text:SysInit)
                  00003f28    00000008     rtsv7M4_T_le_v4SPD16_eabi.lib : errno.c.obj (.text:__aeabi_errno_addr)
                  00003f30    00000008                                   : memory.c.obj (.text:malloc)
                  00003f38    00000004                                   : printf.c.obj (.text:_outc)
                  00003f3c    00000004                                   : printf.c.obj (.text:_outs)
                  00003f40    00000004                                   : pre_init.c.obj (.text:_system_pre_init)
                  00003f44    00000004                                   : exit.c.obj (.text:abort:abort)

.const     0    00003f48    00000169     
                  00003f48    00000101     rtsv7M4_T_le_v4SPD16_eabi.lib : ctype.c.obj (.const:.string:_ctypes_)
                  00004049    00000003     --HOLE-- [fill = 0]
                  0000404c    00000030     msp432p4xx_driverlib.lib : gpio.o (.const:GPIO_PORT_TO_BASE)
                  0000407c    00000028     engr2350_msp432.obj (.const:$P$T1$2)
                  000040a4    00000008     msp432p4xx_driverlib.lib : interrupt.o (.const:g_pulEnRegs)
                  000040ac    00000005     engr2350_msp432.obj (.const:.string:$P$T0$1)

.cinit     0    000040b8    000000b0     
                  000040b8    0000007a     (.cinit..data.load) [load image, compression = lzss]
                  00004132    00000002     --HOLE-- [fill = 0]
                  00004134    0000000c     (__TI_handler_table)
                  00004140    00000008     (.cinit..bss.load) [load image, compression = zero_init]
                  00004148    00000008     (.cinit..vtable.load) [load image, compression = zero_init]
                  00004150    00000018     (__TI_cinit_table)

.init_array 
*          0    00000000    00000000     UNINITIALIZED

.binit     0    00000000    00000000     

.vtable    0    20000000    000000e8     UNINITIALIZED
                  20000000    000000e8     msp432p4xx_driverlib.lib : interrupt.o (.vtable)

.sysmem    0    200000e8    00000400     UNINITIALIZED
                  200000e8    00000010     rtsv7M4_T_le_v4SPD16_eabi.lib : memory.c.obj (.sysmem)
                  200000f8    000003f0     --HOLE--

.data      0    200004e8    00000204     UNINITIALIZED
                  200004e8    000000f0     rtsv7M4_T_le_v4SPD16_eabi.lib : defs.c.obj (.data:_ftable)
                  200005d8    00000078                                   : host_device.c.obj (.data:_device)
                  20000650    00000050                                   : host_device.c.obj (.data:_stream)
                  200006a0    00000010                                   : defs.c.obj (.data)
                  200006b0    0000000c                                   : exit.c.obj (.data:$O1$$)
                  200006bc    0000000a     lab-2.obj (.data:array)
                  200006c6    00000002     --HOLE--
                  200006c8    00000008     rtsv7M4_T_le_v4SPD16_eabi.lib : _lock.c.obj (.data:$O1$$)
                  200006d0    00000008                                   : memory.c.obj (.data:$O1$$)
                  200006d8    00000006     lab-2.obj (.data)
                  200006de    00000002     --HOLE--
                  200006e0    00000004     rtsv7M4_T_le_v4SPD16_eabi.lib : add_device.c.obj (.data)
                  200006e4    00000004                                   : errno.c.obj (.data)
                  200006e8    00000004                                   : open.c.obj (.data)

.bss       0    200006ec    000001e3     UNINITIALIZED
                  200006ec    00000120     rtsv7M4_T_le_v4SPD16_eabi.lib : trgmsg.c.obj (.bss:_CIOBUF_)
                  2000080c    000000a0     (.common:__TI_tmpnams)
                  200008ac    00000018     (.common:Timer)
                  200008c4    00000008     (.common:parmbuf)
                  200008cc    00000001     (.common:bmp)
                  200008cd    00000001     (.common:bmp_num)
                  200008ce    00000001     (.common:pb)

.stack     0    2000fc00    00000400     UNINITIALIZED
                  2000fc00    00000004     rtsv7M4_T_le_v4SPD16_eabi.lib : boot_cortex_m.c.obj (.stack)
                  2000fc04    000003fc     --HOLE--

__llvm_prf_cnts 
*          0    20000000    00000000     UNINITIALIZED

MODULE SUMMARY

       Module                        code    ro data   rw data
       ------                        ----    -------   -------
    .\
       lab-2.obj                     2252    0         86     
    +--+-----------------------------+-------+---------+---------+
       Total:                        2252    0         86     
                                                              
    .\src\
       engr2350_msp432.obj           524     45        0      
       startup_msp432p401r_ccs.obj   14      228       0      
       system_msp432p401r.obj        152     0         0      
    +--+-----------------------------+-------+---------+---------+
       Total:                        690     273       0      
                                                              
    C:/ti/simplelink_msp432p4_sdk_3_40_01_02/source/ti/devices/msp432p4xx/driverlib/ccs/msp432p4xx_driverlib.lib
       timer_a.o                     726     0         0      
       interrupt.o                   220     8         464    
       gpio.o                        356     48        0      
       uart.o                        284     0         0      
    +--+-----------------------------+-------+---------+---------+
       Total:                        1586    56        464    
                                                              
    C:\ti\ccs1110\ccs\tools\compiler\ti-cgt-arm_20.2.5.LTS\lib\rtsv7M4_T_le_v4SPD16_eabi.lib
       _printfi.c.obj                4851    0         0      
       defs.c.obj                    0       0         832    
       memory.c.obj                  672     0         16     
       trgmsg.c.obj                  108     0         576    
       fd_add_t2.asm.obj             438     0         0      
       host_device.c.obj             0       0         400    
       fopen.c.obj                   376     0         0      
       fd_div_t2.asm.obj             310     0         0      
       fputs.c.obj                   276     0         0      
       s_scalbn.c.obj                272     0         0      
       fd_cmp_t2.asm.obj             268     0         0      
       ctype.c.obj                   0       257       0      
       fd_mul_t2.asm.obj             252     0         0      
       setvbuf.c.obj                 220     0         0      
       open.c.obj                    188     0         8      
       add_device.c.obj              184     0         8      
       memcpy_t2.asm.obj             156     0         0      
       ull_div_t2.asm.obj            150     0         0      
       fputc.c.obj                   140     0         0      
       memset_t2.asm.obj             122     0         0      
       fclose.c.obj                  116     0         0      
       getdevice.c.obj               116     0         0      
       hostopen.c.obj                96      0         16     
       printf.c.obj                  112     0         0      
       hostrename.c.obj              108     0         0      
       copy_decompress_lzss.c.obj    104     0         0      
       hostlseek.c.obj               104     0         0      
       exit.c.obj                    76      0         24     
       fseek.c.obj                   100     0         0      
       s_frexp.c.obj                 100     0         0      
       _io_perm.c.obj                98      0         0      
       close.c.obj                   92      0         0      
       hostread.c.obj                88      0         0      
       hostwrite.c.obj               88      0         0      
       _ltoa.c.obj                   84      0         0      
       atoi.c.obj                    76      0         0      
       fflush.c.obj                  76      0         0      
       fd_toi_t2.asm.obj             72      0         0      
       autoinit.c.obj                68      0         0      
       hostclose.c.obj               68      0         0      
       hostunlink.c.obj              68      0         0      
       strncpy.c.obj                 54      0         0      
       boot_cortex_m.c.obj           52      0         0      
       i_tofd_t2.asm.obj             46      0         0      
       unlink.c.obj                  44      0         0      
       lseek.c.obj                   40      0         0      
       write.c.obj                   40      0         0      
       memchr.c.obj                  32      0         0      
       copy_zero_init.c.obj          28      0         0      
       memccpy.c.obj                 28      0         0      
       s_copysign.c.obj              26      0         0      
       strcmp.c.obj                  24      0         0      
       strchr.c.obj                  22      0         0      
       strcpy.c.obj                  20      0         0      
       strlen.c.obj                  20      0         0      
       _lock.c.obj                   2       0         16     
       wcslen.c.obj                  18      0         0      
       errno.c.obj                   8       0         8      
       copy_decompress_none.c.obj    14      0         0      
       pre_init.c.obj                4       0         0      
       div0.asm.obj                  2       0         0      
    +--+-----------------------------+-------+---------+---------+
       Total:                        11417   257       1904   
                                                              
       Heap:                         0       0         2048   
       Stack:                        0       0         2048   
       Linker Generated:             0       174       0      
    +--+-----------------------------+-------+---------+---------+
       Grand Total:                  15945   760       6550   


LINKER GENERATED COPY TABLES

__TI_cinit_table @ 00004150 records: 3, size/record: 8, table size: 24
	.data: load addr=000040b8, load size=0000007a bytes, run addr=200004e8, run size=00000204 bytes, compression=lzss
	.bss: load addr=00004140, load size=00000008 bytes, run addr=200006ec, run size=000001e3 bytes, compression=zero_init
	.vtable: load addr=00004148, load size=00000008 bytes, run addr=20000000, run size=000000e8 bytes, compression=zero_init


LINKER GENERATED HANDLER TABLE

__TI_handler_table @ 00004134 records: 3, size/record: 4, table size: 12
	index: 0, handler: __TI_zero_init
	index: 1, handler: __TI_decompress_lzss
	index: 2, handler: __TI_decompress_none


GLOBAL SYMBOLS: SORTED ALPHABETICALLY BY Name 

address   name                                
-------   ----                                
000015bb  ADC14_IRQHandler                    
000015bb  AES256_IRQHandler                   
00003e33  BiLed_green                         
00003efd  BiLed_off                           
00003e47  BiLed_red                           
000015bb  BusFault_Handler                    
00003f45  C$$EXIT                             
000039f7  C$$IO$$                             
000015bb  COMP_E0_IRQHandler                  
000015bb  COMP_E1_IRQHandler                  
000015bb  CS_IRQHandler                       
000015bb  DMA_ERR_IRQHandler                  
000015bb  DMA_INT0_IRQHandler                 
000015bb  DMA_INT1_IRQHandler                 
000015bb  DMA_INT2_IRQHandler                 
000015bb  DMA_INT3_IRQHandler                 
000015bb  DebugMon_Handler                    
000015bb  Default_Handler                     
000015bb  EUSCIA0_IRQHandler                  
000015bb  EUSCIA1_IRQHandler                  
000015bb  EUSCIA2_IRQHandler                  
000015bb  EUSCIA3_IRQHandler                  
000015bb  EUSCIB0_IRQHandler                  
000015bb  EUSCIB1_IRQHandler                  
000015bb  EUSCIB2_IRQHandler                  
000015bb  EUSCIB3_IRQHandler                  
000015bb  FLCTL_IRQHandler                    
000015bb  FPU_IRQHandler                      
00003175  GPIOInit                            
00003b09  GPIO_getInputPinValue               
00003631  GPIO_setAsInputPin                  
00003289  GPIO_setAsInputPinWithPullUpResistor
00003949  GPIO_setAsOutputPin                 
00003c1d  GPIO_setOutputHighOnPin             
00003c45  GPIO_setOutputLowOnPin              
00003bf1  Game_starting_logic                 
00003839  HOSTclose                           
00002e49  HOSTlseek                           
00003115  HOSTopen                            
000032e1  HOSTread                            
00002ddd  HOSTrename                          
0000387d  HOSTunlink                          
00003339  HOSTwrite                           
000015bb  HardFault_Handler                   
00002a25  Interrupt_enableInterrupt           
000031d1  Interrupt_registerInterrupt         
000015bb  MemManage_Handler                   
000015bb  NMI_Handler                         
000015bb  PCM_IRQHandler                      
000015bb  PORT1_IRQHandler                    
000015bb  PORT2_IRQHandler                    
000015bb  PORT3_IRQHandler                    
000015bb  PORT4_IRQHandler                    
000015bb  PORT5_IRQHandler                    
000015bb  PORT6_IRQHandler                    
000015bb  PSS_IRQHandler                      
000015bb  PendSV_Handler                      
00002c8d  RGB_array                           
00000b33  RGB_control                         
00002ba1  RGB_display                         
00003f09  RGB_reset                           
000015bb  RTC_C_IRQHandler                    
00003f15  Reset_Handler                       
000015bb  SVC_Handler                         
00003f21  SysInit                             
000015bb  SysTick_Handler                     
000026d9  SystemInit                          
000015bb  T32_INT1_IRQHandler                 
000015bb  T32_INT2_IRQHandler                 
000015bb  T32_INTC_IRQHandler                 
000015bb  TA0_0_IRQHandler                    
000015bb  TA0_N_IRQHandler                    
000015bb  TA1_0_IRQHandler                    
000015bb  TA1_N_IRQHandler                    
000015bb  TA2_0_IRQHandler                    
000015bb  TA2_N_IRQHandler                    
000015bb  TA3_0_IRQHandler                    
000015bb  TA3_N_IRQHandler                    
200008ac  Timer                               
000033e9  TimerInit                           
00003df1  Timer_A_clearInterruptFlag          
00003d91  Timer_A_clearTimer                  
00002eb1  Timer_A_configureUpMode             
000022a5  Timer_A_registerInterrupt           
00003e07  Timer_A_startCounter                
00003e5b  Timer_A_stopTimer                   
00003da9  Timer_ISR                           
00003b99  Timer_delay                         
00003dc1  Timer_reset                         
00001a99  UART_initModule                     
000015bb  UsageFault_Handler                  
4000480c  WDTCTL_SYM                          
000015bb  WDT_A_IRQHandler                    
200006ec  __CIOBUF_                           
20010000  __STACK_END                         
00000400  __STACK_SIZE                        
00000400  __SYSMEM_SIZE                       
00004150  __TI_CINIT_Base                     
00004168  __TI_CINIT_Limit                    
00004134  __TI_Handler_Table_Base             
00004140  __TI_Handler_Table_Limit            
000038c1  __TI_auto_init_nobinit_nopinit      
00003a39  __TI_cleanup                        
200006b0  __TI_cleanup_ptr                    
00002c19  __TI_closefile                      
00002f19  __TI_decompress_lzss                
00003ee1  __TI_decompress_none                
0000367d  __TI_doflush                        
200006b4  __TI_dtors_ptr                      
200006b8  __TI_enable_exit_profile_output     
200006a0  __TI_ft_end                         
0000343d  __TI_ltoa                           
ffffffff  __TI_pprof_out_hndl                 
000000e5  __TI_printfi                        
ffffffff  __TI_prof_data_size                 
ffffffff  __TI_prof_data_start                
00003a6d  __TI_readmsg                        
00000000  __TI_static_base__                  
2000080c  __TI_tmpnams                        
000039c9  __TI_writemsg                       
000030b1  __TI_wrt_ok                         
00003d21  __TI_zero_init_nomemset             
00002895  __aeabi_cdcmpeq                     
00002895  __aeabi_cdcmple                     
0000291b  __aeabi_cdrcmple                    
000037f1  __aeabi_d2iz                        
0000140f  __aeabi_dadd                        
0000183d  __aeabi_ddiv                        
00001fe9  __aeabi_dmul                        
00001405  __aeabi_dsub                        
00003f29  __aeabi_errno_addr                  
00003b69  __aeabi_i2d                         
00002377  __aeabi_idiv0                       
00002377  __aeabi_ldiv0                       
00002b25  __aeabi_memclr                      
00002b25  __aeabi_memclr4                     
00002b25  __aeabi_memclr8                     
0000263d  __aeabi_memcpy                      
0000263d  __aeabi_memcpy4                     
0000263d  __aeabi_memcpy8                     
00002b27  __aeabi_memset                      
00002b27  __aeabi_memset4                     
00002b27  __aeabi_memset8                     
200006ac  __aeabi_stderr                      
200006a4  __aeabi_stdin                       
200006a8  __aeabi_stdout                      
00002771  __aeabi_uldivmod                    
ffffffff  __binit__                           
ffffffff  __c_args__                          
UNDEFED   __mpu_init                          
2000fc00  __stack                             
20000000  __start___llvm_prf_cnts             
20000000  __stop___llvm_prf_cnts              
00003aa1  _c_int00_noargs                     
00003f48  _ctypes_                            
200005d8  _device                             
200004e8  _ftable                             
200006c8  _lock                               
00001973  _nop                                
20000650  _stream                             
200000e8  _sys_memory                         
UNDEFED   _system_post_cinit                  
00003f41  _system_pre_init                    
200006cc  _unlock                             
00003f45  abort                               
00002435  add_device                          
00001ee9  aligned_alloc                       
200006bc  array                               
000036c9  atoi                                
ffffffff  binit                               
200008cc  bmp                                 
200008cd  bmp_num                             
00003715  check_bmp_press                     
00003e71  check_pb                            
0000322d  close                               
00003d75  copysign                            
00003d75  copysignl                           
200006dd  correct                             
00003d05  dclose                              
00003ead  dlseek                              
00002aa5  dopen                               
00003491  dread                               
00003ed1  drename                             
00003eef  dunlink                             
00003761  dwrite                              
200006e4  errno                               
000037a9  exit                                
00003b39  finddevice                          
00002809  fputc                               
00001bb5  fputs                               
000020e5  free                                
00003ad5  freopen                             
00002fe9  frexp                               
00002fe9  frexpl                              
0000304d  fseek                               
20000000  g_pfnRAMVectors                     
000029a1  get_bmp_num                         
00003905  getdevice                           
000034e5  incorrect                           
000025a1  init_std_uart                       
00000000  interruptVectors                    
00001dd9  ldexp                               
00001dd9  ldexpl                              
00003c95  lseek                               
00001021  main                                
00003f31  malloc                              
00001ee9  memalign                            
00003d59  memccpy                             
00003ce5  memchr                              
0000263d  memcpy                              
00002b2d  memset                              
00002379  open                                
00003539  over_time                           
200006dc  overtime                            
200008c4  parmbuf                             
200008ce  pb                                  
00002f81  printf                              
00002809  putc                                
00003bc5  remove                              
200006d8  round                               
00001dd9  scalbn                              
00001dd9  scalbnl                             
000021c9  setvbuf                             
00003e1d  strchr                              
00003dd9  strcmp                              
00003e85  strcpy                              
00003e99  strlen                              
00003a01  strncpy                             
200006da  timer_resets                        
00003bc5  unlink                              
00003ebf  wcslen                              
00003cbd  write                               
000035e1  you_win                             


GLOBAL SYMBOLS: SORTED BY Symbol Address 

address   name                                
-------   ----                                
00000000  __TI_static_base__                  
00000000  interruptVectors                    
000000e5  __TI_printfi                        
00000400  __STACK_SIZE                        
00000400  __SYSMEM_SIZE                       
00000b33  RGB_control                         
00001021  main                                
00001405  __aeabi_dsub                        
0000140f  __aeabi_dadd                        
000015bb  ADC14_IRQHandler                    
000015bb  AES256_IRQHandler                   
000015bb  BusFault_Handler                    
000015bb  COMP_E0_IRQHandler                  
000015bb  COMP_E1_IRQHandler                  
000015bb  CS_IRQHandler                       
000015bb  DMA_ERR_IRQHandler                  
000015bb  DMA_INT0_IRQHandler                 
000015bb  DMA_INT1_IRQHandler                 
000015bb  DMA_INT2_IRQHandler                 
000015bb  DMA_INT3_IRQHandler                 
000015bb  DebugMon_Handler                    
000015bb  Default_Handler                     
000015bb  EUSCIA0_IRQHandler                  
000015bb  EUSCIA1_IRQHandler                  
000015bb  EUSCIA2_IRQHandler                  
000015bb  EUSCIA3_IRQHandler                  
000015bb  EUSCIB0_IRQHandler                  
000015bb  EUSCIB1_IRQHandler                  
000015bb  EUSCIB2_IRQHandler                  
000015bb  EUSCIB3_IRQHandler                  
000015bb  FLCTL_IRQHandler                    
000015bb  FPU_IRQHandler                      
000015bb  HardFault_Handler                   
000015bb  MemManage_Handler                   
000015bb  NMI_Handler                         
000015bb  PCM_IRQHandler                      
000015bb  PORT1_IRQHandler                    
000015bb  PORT2_IRQHandler                    
000015bb  PORT3_IRQHandler                    
000015bb  PORT4_IRQHandler                    
000015bb  PORT5_IRQHandler                    
000015bb  PORT6_IRQHandler                    
000015bb  PSS_IRQHandler                      
000015bb  PendSV_Handler                      
000015bb  RTC_C_IRQHandler                    
000015bb  SVC_Handler                         
000015bb  SysTick_Handler                     
000015bb  T32_INT1_IRQHandler                 
000015bb  T32_INT2_IRQHandler                 
000015bb  T32_INTC_IRQHandler                 
000015bb  TA0_0_IRQHandler                    
000015bb  TA0_N_IRQHandler                    
000015bb  TA1_0_IRQHandler                    
000015bb  TA1_N_IRQHandler                    
000015bb  TA2_0_IRQHandler                    
000015bb  TA2_N_IRQHandler                    
000015bb  TA3_0_IRQHandler                    
000015bb  TA3_N_IRQHandler                    
000015bb  UsageFault_Handler                  
000015bb  WDT_A_IRQHandler                    
0000183d  __aeabi_ddiv                        
00001973  _nop                                
00001a99  UART_initModule                     
00001bb5  fputs                               
00001dd9  ldexp                               
00001dd9  ldexpl                              
00001dd9  scalbn                              
00001dd9  scalbnl                             
00001ee9  aligned_alloc                       
00001ee9  memalign                            
00001fe9  __aeabi_dmul                        
000020e5  free                                
000021c9  setvbuf                             
000022a5  Timer_A_registerInterrupt           
00002377  __aeabi_idiv0                       
00002377  __aeabi_ldiv0                       
00002379  open                                
00002435  add_device                          
000025a1  init_std_uart                       
0000263d  __aeabi_memcpy                      
0000263d  __aeabi_memcpy4                     
0000263d  __aeabi_memcpy8                     
0000263d  memcpy                              
000026d9  SystemInit                          
00002771  __aeabi_uldivmod                    
00002809  fputc                               
00002809  putc                                
00002895  __aeabi_cdcmpeq                     
00002895  __aeabi_cdcmple                     
0000291b  __aeabi_cdrcmple                    
000029a1  get_bmp_num                         
00002a25  Interrupt_enableInterrupt           
00002aa5  dopen                               
00002b25  __aeabi_memclr                      
00002b25  __aeabi_memclr4                     
00002b25  __aeabi_memclr8                     
00002b27  __aeabi_memset                      
00002b27  __aeabi_memset4                     
00002b27  __aeabi_memset8                     
00002b2d  memset                              
00002ba1  RGB_display                         
00002c19  __TI_closefile                      
00002c8d  RGB_array                           
00002ddd  HOSTrename                          
00002e49  HOSTlseek                           
00002eb1  Timer_A_configureUpMode             
00002f19  __TI_decompress_lzss                
00002f81  printf                              
00002fe9  frexp                               
00002fe9  frexpl                              
0000304d  fseek                               
000030b1  __TI_wrt_ok                         
00003115  HOSTopen                            
00003175  GPIOInit                            
000031d1  Interrupt_registerInterrupt         
0000322d  close                               
00003289  GPIO_setAsInputPinWithPullUpResistor
000032e1  HOSTread                            
00003339  HOSTwrite                           
000033e9  TimerInit                           
0000343d  __TI_ltoa                           
00003491  dread                               
000034e5  incorrect                           
00003539  over_time                           
000035e1  you_win                             
00003631  GPIO_setAsInputPin                  
0000367d  __TI_doflush                        
000036c9  atoi                                
00003715  check_bmp_press                     
00003761  dwrite                              
000037a9  exit                                
000037f1  __aeabi_d2iz                        
00003839  HOSTclose                           
0000387d  HOSTunlink                          
000038c1  __TI_auto_init_nobinit_nopinit      
00003905  getdevice                           
00003949  GPIO_setAsOutputPin                 
000039c9  __TI_writemsg                       
000039f7  C$$IO$$                             
00003a01  strncpy                             
00003a39  __TI_cleanup                        
00003a6d  __TI_readmsg                        
00003aa1  _c_int00_noargs                     
00003ad5  freopen                             
00003b09  GPIO_getInputPinValue               
00003b39  finddevice                          
00003b69  __aeabi_i2d                         
00003b99  Timer_delay                         
00003bc5  remove                              
00003bc5  unlink                              
00003bf1  Game_starting_logic                 
00003c1d  GPIO_setOutputHighOnPin             
00003c45  GPIO_setOutputLowOnPin              
00003c95  lseek                               
00003cbd  write                               
00003ce5  memchr                              
00003d05  dclose                              
00003d21  __TI_zero_init_nomemset             
00003d59  memccpy                             
00003d75  copysign                            
00003d75  copysignl                           
00003d91  Timer_A_clearTimer                  
00003da9  Timer_ISR                           
00003dc1  Timer_reset                         
00003dd9  strcmp                              
00003df1  Timer_A_clearInterruptFlag          
00003e07  Timer_A_startCounter                
00003e1d  strchr                              
00003e33  BiLed_green                         
00003e47  BiLed_red                           
00003e5b  Timer_A_stopTimer                   
00003e71  check_pb                            
00003e85  strcpy                              
00003e99  strlen                              
00003ead  dlseek                              
00003ebf  wcslen                              
00003ed1  drename                             
00003ee1  __TI_decompress_none                
00003eef  dunlink                             
00003efd  BiLed_off                           
00003f09  RGB_reset                           
00003f15  Reset_Handler                       
00003f21  SysInit                             
00003f29  __aeabi_errno_addr                  
00003f31  malloc                              
00003f41  _system_pre_init                    
00003f45  C$$EXIT                             
00003f45  abort                               
00003f48  _ctypes_                            
00004134  __TI_Handler_Table_Base             
00004140  __TI_Handler_Table_Limit            
00004150  __TI_CINIT_Base                     
00004168  __TI_CINIT_Limit                    
20000000  __start___llvm_prf_cnts             
20000000  __stop___llvm_prf_cnts              
20000000  g_pfnRAMVectors                     
200000e8  _sys_memory                         
200004e8  _ftable                             
200005d8  _device                             
20000650  _stream                             
200006a0  __TI_ft_end                         
200006a4  __aeabi_stdin                       
200006a8  __aeabi_stdout                      
200006ac  __aeabi_stderr                      
200006b0  __TI_cleanup_ptr                    
200006b4  __TI_dtors_ptr                      
200006b8  __TI_enable_exit_profile_output     
200006bc  array                               
200006c8  _lock                               
200006cc  _unlock                             
200006d8  round                               
200006da  timer_resets                        
200006dc  overtime                            
200006dd  correct                             
200006e4  errno                               
200006ec  __CIOBUF_                           
2000080c  __TI_tmpnams                        
200008ac  Timer                               
200008c4  parmbuf                             
200008cc  bmp                                 
200008cd  bmp_num                             
200008ce  pb                                  
2000fc00  __stack                             
20010000  __STACK_END                         
4000480c  WDTCTL_SYM                          
ffffffff  __TI_pprof_out_hndl                 
ffffffff  __TI_prof_data_size                 
ffffffff  __TI_prof_data_start                
ffffffff  __binit__                           
ffffffff  __c_args__                          
ffffffff  binit                               
UNDEFED   __mpu_init                          
UNDEFED   _system_post_cinit                  

[233 symbols]
